Archive member included to satisfy reference by file (symbol)

C:\Users\WhiteKite2020\Downloads\MY_FOC_Driver-main\MY_FOC_Driver-main\Software\MY_FOC_2\Lib\IQmathLib-cm3.lib(IQNcos.o)
                              CMakeFiles/MY_FOC_2.elf.dir/FOC_Ctrl/FOC_Math/FOC_Math.c.obj (_IQ28cos)
C:\Users\WhiteKite2020\Downloads\MY_FOC_Driver-main\MY_FOC_Driver-main\Software\MY_FOC_2\Lib\IQmathLib-cm3.lib(IQNdiv.o)
                              CMakeFiles/MY_FOC_2.elf.dir/FOC_Ctrl/BLDC_MOTOR/BLDC_MOTOR.c.obj (_IQ17div)
C:\Users\WhiteKite2020\Downloads\MY_FOC_Driver-main\MY_FOC_Driver-main\Software\MY_FOC_2\Lib\IQmathLib-cm3.lib(IQNmpy.o)
                              CMakeFiles/MY_FOC_2.elf.dir/FOC_Ctrl/BLDC_MOTOR/BLDC_MOTOR.c.obj (_IQ17mpy)
C:\Users\WhiteKite2020\Downloads\MY_FOC_Driver-main\MY_FOC_Driver-main\Software\MY_FOC_2\Lib\IQmathLib-cm3.lib(IQNsin.o)
                              CMakeFiles/MY_FOC_2.elf.dir/FOC_Ctrl/FOC_Math/FOC_Math.c.obj (_IQ28sin)
C:\Users\WhiteKite2020\Downloads\MY_FOC_Driver-main\MY_FOC_Driver-main\Software\MY_FOC_2\Lib\IQmathLib-cm3.lib(IQNtoF.o)
                              CMakeFiles/MY_FOC_2.elf.dir/FOC_Ctrl/BLDC_MOTOR/BLDC_MOTOR.c.obj (_IQ17toF)
C:\Users\WhiteKite2020\Downloads\MY_FOC_Driver-main\MY_FOC_Driver-main\Software\MY_FOC_2\Lib\IQmathLib-cm3.lib(IQtables.o)
                              C:\Users\WhiteKite2020\Downloads\MY_FOC_Driver-main\MY_FOC_Driver-main\Software\MY_FOC_2\Lib\IQmathLib-cm3.lib(IQNcos.o) (sincos_table)
d:/gnu_arm/bin/../lib/gcc/arm-none-eabi/10.3.1/thumb/v7-m/nofp\libgcc.a(_arm_mulsf3.o)
                              CMakeFiles/MY_FOC_2.elf.dir/FOC_Ctrl/BLDC_MOTOR/BLDC_MOTOR.c.obj (__aeabi_fmul)
d:/gnu_arm/bin/../lib/gcc/arm-none-eabi/10.3.1/thumb/v7-m/nofp\libgcc.a(_arm_addsubdf3.o)
                              CMakeFiles/MY_FOC_2.elf.dir/FOC_Ctrl/BLDC_MOTOR/BLDC_MOTOR.c.obj (__aeabi_f2d)
d:/gnu_arm/bin/../lib/gcc/arm-none-eabi/10.3.1/thumb/v7-m/nofp\libgcc.a(_arm_cmpdf2.o)
                              CMakeFiles/MY_FOC_2.elf.dir/FOC_Ctrl/User_APP/User_APP.c.obj (__aeabi_dcmple)
d:/gnu_arm/bin/../lib/gcc/arm-none-eabi/10.3.1/thumb/v7-m/nofp\libgcc.a(_arm_addsubsf3.o)
                              CMakeFiles/MY_FOC_2.elf.dir/FOC_Ctrl/BLDC_MOTOR/BLDC_MOTOR.c.obj (__aeabi_fsub)
d:/gnu_arm/bin/../lib/gcc/arm-none-eabi/10.3.1/thumb/v7-m/nofp\libgcc.a(_arm_muldivsf3.o)
                              CMakeFiles/MY_FOC_2.elf.dir/FOC_Ctrl/FOC_Math/FOC_Math.c.obj (__aeabi_fdiv)
d:/gnu_arm/bin/../lib/gcc/arm-none-eabi/10.3.1/thumb/v7-m/nofp\libgcc.a(_arm_cmpsf2.o)
                              CMakeFiles/MY_FOC_2.elf.dir/FOC_Ctrl/User_APP/User_APP.c.obj (__aeabi_fcmpeq)
d:/gnu_arm/bin/../lib/gcc/arm-none-eabi/10.3.1/thumb/v7-m/nofp\libgcc.a(_arm_fixsfsi.o)
                              CMakeFiles/MY_FOC_2.elf.dir/FOC_Ctrl/BLDC_MOTOR/BLDC_MOTOR.c.obj (__aeabi_f2iz)
d:/gnu_arm/bin/../lib/gcc/arm-none-eabi/10.3.1/../../../../arm-none-eabi/lib/thumb/v7-m/nofp\libg.a(lib_a-errno.o)
                              CMakeFiles/MY_FOC_2.elf.dir/Core/Src/syscalls.c.obj (__errno)
d:/gnu_arm/bin/../lib/gcc/arm-none-eabi/10.3.1/../../../../arm-none-eabi/lib/thumb/v7-m/nofp\libg.a(lib_a-exit.o)
                              d:/gnu_arm/bin/../lib/gcc/arm-none-eabi/10.3.1/../../../../arm-none-eabi/lib/thumb/v7-m/nofp/crt0.o (exit)
d:/gnu_arm/bin/../lib/gcc/arm-none-eabi/10.3.1/../../../../arm-none-eabi/lib/thumb/v7-m/nofp\libg.a(lib_a-impure.o)
                              d:/gnu_arm/bin/../lib/gcc/arm-none-eabi/10.3.1/../../../../arm-none-eabi/lib/thumb/v7-m/nofp\libg.a(lib_a-exit.o) (_global_impure_ptr)
d:/gnu_arm/bin/../lib/gcc/arm-none-eabi/10.3.1/../../../../arm-none-eabi/lib/thumb/v7-m/nofp\libg.a(lib_a-init.o)
                              d:/gnu_arm/bin/../lib/gcc/arm-none-eabi/10.3.1/../../../../arm-none-eabi/lib/thumb/v7-m/nofp/crt0.o (__libc_init_array)
d:/gnu_arm/bin/../lib/gcc/arm-none-eabi/10.3.1/../../../../arm-none-eabi/lib/thumb/v7-m/nofp\libg.a(lib_a-memset.o)
                              d:/gnu_arm/bin/../lib/gcc/arm-none-eabi/10.3.1/../../../../arm-none-eabi/lib/thumb/v7-m/nofp/crt0.o (memset)
d:/gnu_arm/bin/../lib/gcc/arm-none-eabi/10.3.1/../../../../arm-none-eabi/lib/thumb/v7-m/nofp\libg.a(lib_a-printf.o)
                              CMakeFiles/MY_FOC_2.elf.dir/FOC_Ctrl/BLDC_MOTOR/BLDC_MOTOR.c.obj (printf)
d:/gnu_arm/bin/../lib/gcc/arm-none-eabi/10.3.1/../../../../arm-none-eabi/lib/thumb/v7-m/nofp\libg.a(lib_a-setvbuf.o)
                              CMakeFiles/MY_FOC_2.elf.dir/HARDWARE/retarget/retarget.c.obj (setvbuf)
d:/gnu_arm/bin/../lib/gcc/arm-none-eabi/10.3.1/../../../../arm-none-eabi/lib/thumb/v7-m/nofp\libg.a(lib_a-vfprintf.o)
                              d:/gnu_arm/bin/../lib/gcc/arm-none-eabi/10.3.1/../../../../arm-none-eabi/lib/thumb/v7-m/nofp\libg.a(lib_a-printf.o) (_vfprintf_r)
d:/gnu_arm/bin/../lib/gcc/arm-none-eabi/10.3.1/../../../../arm-none-eabi/lib/thumb/v7-m/nofp\libg.a(lib_a-wsetup.o)
[...]
Memory Configuration

Name             Origin             Length             Attributes
RAM              0x20000000         0x00005000         xrw
FLASH            0x08000000         0x00010000         xr
*default*        0x00000000         0xffffffff

Linker script and memory map

LOAD d:/gnu_arm/bin/../lib/gcc/arm-none-eabi/10.3.1/thumb/v7-m/nofp/crti.o
LOAD d:/gnu_arm/bin/../lib/gcc/arm-none-eabi/10.3.1/thumb/v7-m/nofp/crtbegin.o
LOAD d:/gnu_arm/bin/../lib/gcc/arm-none-eabi/10.3.1/../../../../arm-none-eabi/lib/thumb/v7-m/nofp/crt0.o
LOAD CMakeFiles/MY_FOC_2.elf.dir/Core/Src/adc.c.obj
LOAD CMakeFiles/MY_FOC_2.elf.dir/Core/Src/dma.c.obj
LOAD CMakeFiles/MY_FOC_2.elf.dir/Core/Src/gpio.c.obj
LOAD CMakeFiles/MY_FOC_2.elf.dir/Core/Src/main.c.obj
LOAD CMakeFiles/MY_FOC_2.elf.dir/Core/Src/spi.c.obj
LOAD CMakeFiles/MY_FOC_2.elf.dir/Core/Src/stm32f1xx_hal_msp.c.obj
LOAD CMakeFiles/MY_FOC_2.elf.dir/Core/Src/stm32f1xx_it.c.obj
LOAD CMakeFiles/MY_FOC_2.elf.dir/Core/Src/syscalls.c.obj
LOAD CMakeFiles/MY_FOC_2.elf.dir/Core/Src/sysmem.c.obj
LOAD CMakeFiles/MY_FOC_2.elf.dir/Core/Src/system_stm32f1xx.c.obj
LOAD CMakeFiles/MY_FOC_2.elf.dir/Core/Src/tim.c.obj
LOAD CMakeFiles/MY_FOC_2.elf.dir/Core/Src/usart.c.obj
LOAD CMakeFiles/MY_FOC_2.elf.dir/Core/Startup/startup_stm32f103c8tx.s.obj
LOAD CMakeFiles/MY_FOC_2.elf.dir/Drivers/STM32F1xx_HAL_Driver/Src/stm32f1xx_hal.c.obj
LOAD CMakeFiles/MY_FOC_2.elf.dir/Drivers/STM32F1xx_HAL_Driver/Src/stm32f1xx_hal_adc.c.obj
LOAD CMakeFiles/MY_FOC_2.elf.dir/Drivers/STM32F1xx_HAL_Driver/Src/stm32f1xx_hal_adc_ex.c.obj
LOAD CMakeFiles/MY_FOC_2.elf.dir/Drivers/STM32F1xx_HAL_Driver/Src/stm32f1xx_hal_cortex.c.obj
LOAD CMakeFiles/MY_FOC_2.elf.dir/Drivers/STM32F1xx_HAL_Driver/Src/stm32f1xx_hal_dma.c.obj
LOAD CMakeFiles/MY_FOC_2.elf.dir/Drivers/STM32F1xx_HAL_Driver/Src/stm32f1xx_hal_exti.c.obj
LOAD CMakeFiles/MY_FOC_2.elf.dir/Drivers/STM32F1xx_HAL_Driver/Src/stm32f1xx_hal_flash.c.obj
LOAD CMakeFiles/MY_FOC_2.elf.dir/Drivers/STM32F1xx_HAL_Driver/Src/stm32f1xx_hal_flash_ex.c.obj
LOAD CMakeFiles/MY_FOC_2.elf.dir/Drivers/STM32F1xx_HAL_Driver/Src/stm32f1xx_hal_gpio.c.obj
LOAD CMakeFiles/MY_FOC_2.elf.dir/Drivers/STM32F1xx_HAL_Driver/Src/stm32f1xx_hal_gpio_ex.c.obj
LOAD CMakeFiles/MY_FOC_2.elf.dir/Drivers/STM32F1xx_HAL_Driver/Src/stm32f1xx_hal_pwr.c.obj
LOAD CMakeFiles/MY_FOC_2.elf.dir/Drivers/STM32F1xx_HAL_Driver/Src/stm32f1xx_hal_rcc.c.obj
LOAD CMakeFiles/MY_FOC_2.elf.dir/Drivers/STM32F1xx_HAL_Driver/Src/stm32f1xx_hal_rcc_ex.c.obj
LOAD CMakeFiles/MY_FOC_2.elf.dir/Drivers/STM32F1xx_HAL_Driver/Src/stm32f1xx_hal_spi.c.obj
LOAD CMakeFiles/MY_FOC_2.elf.dir/Drivers/STM32F1xx_HAL_Driver/Src/stm32f1xx_hal_tim.c.obj
LOAD CMakeFiles/MY_FOC_2.elf.dir/Drivers/STM32F1xx_HAL_Driver/Src/stm32f1xx_hal_tim_ex.c.obj
LOAD CMakeFiles/MY_FOC_2.elf.dir/Drivers/STM32F1xx_HAL_Driver/Src/stm32f1xx_hal_uart.c.obj
LOAD CMakeFiles/MY_FOC_2.elf.dir/FOC_Ctrl/BLDC_MOTOR/BLDC_MOTOR.c.obj
LOAD CMakeFiles/MY_FOC_2.elf.dir/FOC_Ctrl/FOC_Math/FOC_Math.c.obj
LOAD CMakeFiles/MY_FOC_2.elf.dir/FOC_Ctrl/User_APP/User_APP.c.obj
LOAD CMakeFiles/MY_FOC_2.elf.dir/HARDWARE/AS5047P/as5047p.c.obj
LOAD CMakeFiles/MY_FOC_2.elf.dir/HARDWARE/MT6701_SPI/MT6701_SPI.c.obj
LOAD CMakeFiles/MY_FOC_2.elf.dir/HARDWARE/Motor_ADC/Motor_ADC.c.obj
LOAD CMakeFiles/MY_FOC_2.elf.dir/HARDWARE/retarget/retarget.c.obj
LOAD C:\Users\WhiteKite2020\Downloads\MY_FOC_Driver-main\MY_FOC_Driver-main\Software\MY_FOC_2\Lib\IQmathLib-cm3.lib
START GROUP
LOAD d:/gnu_arm/bin/../lib/gcc/arm-none-eabi/10.3.1/thumb/v7-m/nofp\libgcc.a
LOAD d:/gnu_arm/bin/../lib/gcc/arm-none-eabi/10.3.1/../../../../arm-none-eabi/lib/thumb/v7-m/nofp\libg.a
LOAD d:/gnu_arm/bin/../lib/gcc/arm-none-eabi/10.3.1/../../../../arm-none-eabi/lib/thumb/v7-m/nofp\libc.a
END GROUP
LOAD d:/gnu_arm/bin/../lib/gcc/arm-none-eabi/10.3.1/thumb/v7-m/nofp/crtend.o
LOAD d:/gnu_arm/bin/../lib/gcc/arm-none-eabi/10.3.1/thumb/v7-m/nofp/crtn.o
                0x20005000                _estack = (ORIGIN (RAM) + LENGTH (RAM))
                0x00000200                _Min_Heap_Size = 0x200
                0x00000400                _Min_Stack_Size = 0x400

.isr_vector     0x08000000      0x10c
                0x08000000                . = ALIGN (0x4)
 *(.isr_vector)
 .isr_vector    0x08000000      0x10c CMakeFiles/MY_FOC_2.elf.dir/Core/Startup/startup_stm32f103c8tx.s.obj
                0x08000000                g_pfnVectors
                0x0800010c                . = ALIGN (0x4)

.text           0x08000110     0x5a90
                0x08000110                . = ALIGN (0x4)
 *(.text)
 .text          0x08000110       0x40 d:/gnu_arm/bin/../lib/gcc/arm-none-eabi/10.3.1/thumb/v7-m/nofp/crtbegin.o
 .text          0x08000150      0x378 d:/gnu_arm/bin/../lib/gcc/arm-none-eabi/10.3.1/thumb/v7-m/nofp\libgcc.a(_arm_addsubdf3.o)
                0x08000150                __aeabi_drsub
                0x08000158                __aeabi_dsub
                0x08000158                __subdf3
                0x0800015c                __aeabi_dadd
                0x0800015c                __adddf3
                0x080003d4                __floatunsidf
                0x080003d4                __aeabi_ui2d
                0x080003f4                __floatsidf
                0x080003f4                __aeabi_i2d
                0x08000418                __aeabi_f2d
                0x08000418                __extendsfdf2
                0x0800045c                __floatundidf
                0x0800045c                __aeabi_ul2d
                0x0800046c                __floatdidf
                0x0800046c                __aeabi_l2d
 .text          0x080004c8      0x110 d:/gnu_arm/bin/../lib/gcc/arm-none-eabi/10.3.1/thumb/v7-m/nofp\libgcc.a(_arm_cmpdf2.o)
                0x080004c8                __gtdf2
                0x080004c8                __gedf2
                0x080004d0                __ltdf2
                0x080004d0                __ledf2
                0x080004d8                __nedf2
                0x080004d8                __eqdf2
                0x080004d8                __cmpdf2
                0x08000554                __aeabi_cdrcmple
                0x08000564                __aeabi_cdcmpeq
                0x08000564                __aeabi_cdcmple
                0x08000574                __aeabi_dcmpeq
                0x08000588                __aeabi_dcmplt
                0x0800059c                __aeabi_dcmple
                0x080005b0                __aeabi_dcmpge
                0x080005c4                __aeabi_dcmpgt
 .text          0x080005d8      0x21c d:/gnu_arm/bin/../lib/gcc/arm-none-eabi/10.3.1/thumb/v7-m/nofp\libgcc.a(_arm_addsubsf3.o)
                0x080005d8                __aeabi_frsub
                0x080005e0                __subsf3
                0x080005e0                __aeabi_fsub
                0x080005e4                __aeabi_fadd
                0x080005e4                __addsf3
                0x08000744                __aeabi_ui2f
                0x08000744                __floatunsisf
                0x0800074c                __aeabi_i2f
                0x0800074c                __floatsisf
                0x08000768                __aeabi_ul2f
                0x08000768                __floatundisf
                0x08000778                __aeabi_l2f
                0x08000778                __floatdisf
 .text          0x080007f4      0x2a0 d:/gnu_arm/bin/../lib/gcc/arm-none-eabi/10.3.1/thumb/v7-m/nofp\libgcc.a(_arm_muldivsf3.o)
                0x080007f4                __mulsf3
                0x080007f4                __aeabi_fmul
                0x0800095c                __aeabi_fdiv
                0x0800095c                __divsf3
 .text          0x08000a94       0xec d:/gnu_arm/bin/../lib/gcc/arm-none-eabi/10.3.1/thumb/v7-m/nofp\libgcc.a(_arm_cmpsf2.o)
                0x08000a94                __gesf2
                0x08000a94                __gtsf2
                0x08000a9c                __lesf2
                0x08000a9c                __ltsf2
                0x08000aa4                __nesf2
                0x08000aa4                __eqsf2
                0x08000aa4                __cmpsf2
                0x08000b04                __aeabi_cfrcmple
                0x08000b0c                __aeabi_cfcmpeq
                0x08000b0c                __aeabi_cfcmple
                0x08000b1c                __aeabi_fcmpeq
                0x08000b30                __aeabi_fcmplt
                0x08000b44                __aeabi_fcmple
                0x08000b58                __aeabi_fcmpge
                0x08000b6c                __aeabi_fcmpgt
 .text          0x08000b80       0x4c d:/gnu_arm/bin/../lib/gcc/arm-none-eabi/10.3.1/thumb/v7-m/nofp\libgcc.a(_arm_fixsfsi.o)
                0x08000b80                __aeabi_f2iz
                0x08000b80                __fixsfsi
 *(.text*)
 .text.MX_ADC1_Init
                0x08000bcc       0x78 CMakeFiles/MY_FOC_2.elf.dir/Core/Src/adc.c.obj
                0x08000bcc                MX_ADC1_Init
 .text.HAL_ADC_MspInit
                0x08000c44       0x9c CMakeFiles/MY_FOC_2.elf.dir/Core/Src/adc.c.obj
                0x08000c44                HAL_ADC_MspInit
 .text.MX_DMA_Init
                0x08000ce0       0x44 CMakeFiles/MY_FOC_2.elf.dir/Core/Src/dma.c.obj
                0x08000ce0                MX_DMA_Init
 .text.MX_GPIO_Init
                0x08000d24       0xc4 CMakeFiles/MY_FOC_2.elf.dir/Core/Src/gpio.c.obj
                0x08000d24                MX_GPIO_Init
 .text.Error_Handler
                0x08000de8        0x4 CMakeFiles/MY_FOC_2.elf.dir/Core/Src/main.c.obj
                0x08000de8                Error_Handler
 .text.SystemClock_Config
                0x08000dec       0x84 CMakeFiles/MY_FOC_2.elf.dir/Core/Src/main.c.obj
                0x08000dec                SystemClock_Config
 .text.main     0x08000e70      0x108 CMakeFiles/MY_FOC_2.elf.dir/Core/Src/main.c.obj
                0x08000e70                main
 .text.MX_SPI1_Init
                0x08000f78       0x48 CMakeFiles/MY_FOC_2.elf.dir/Core/Src/spi.c.obj
                0x08000f78                MX_SPI1_Init
 .text.HAL_SPI_MspInit
                0x08000fc0       0x74 CMakeFiles/MY_FOC_2.elf.dir/Core/Src/spi.c.obj
                0x08000fc0                HAL_SPI_MspInit
 .text.HAL_MspInit
                0x08001034       0x44 CMakeFiles/MY_FOC_2.elf.dir/Core/Src/stm32f1xx_hal_msp.c.obj
                0x08001034                HAL_MspInit
 .text.NMI_Handler
                0x08001078        0x2 CMakeFiles/MY_FOC_2.elf.dir/Core/Src/stm32f1xx_it.c.obj
                0x08001078                NMI_Handler
 .text.HardFault_Handler
                0x0800107a        0x2 CMakeFiles/MY_FOC_2.elf.dir/Core/Src/stm32f1xx_it.c.obj
                0x0800107a                HardFault_Handler
 .text.MemManage_Handler
                0x0800107c        0x2 CMakeFiles/MY_FOC_2.elf.dir/Core/Src/stm32f1xx_it.c.obj
                0x0800107c                MemManage_Handler
 .text.BusFault_Handler
                0x0800107e        0x2 CMakeFiles/MY_FOC_2.elf.dir/Core/Src/stm32f1xx_it.c.obj
                0x0800107e                BusFault_Handler
 .text.UsageFault_Handler
                0x08001080        0x2 CMakeFiles/MY_FOC_2.elf.dir/Core/Src/stm32f1xx_it.c.obj
                0x08001080                UsageFault_Handler
 .text.SVC_Handler
                0x08001082        0x2 CMakeFiles/MY_FOC_2.elf.dir/Core/Src/stm32f1xx_it.c.obj
                0x08001082                SVC_Handler
 .text.DebugMon_Handler
                0x08001084        0x2 CMakeFiles/MY_FOC_2.elf.dir/Core/Src/stm32f1xx_it.c.obj
                0x08001084                DebugMon_Handler
 .text.PendSV_Handler
                0x08001086        0x2 CMakeFiles/MY_FOC_2.elf.dir/Core/Src/stm32f1xx_it.c.obj
                0x08001086                PendSV_Handler
 .text.SysTick_Handler
                0x08001088        0x8 CMakeFiles/MY_FOC_2.elf.dir/Core/Src/stm32f1xx_it.c.obj
                0x08001088                SysTick_Handler
 .text.DMA1_Channel1_IRQHandler
                0x08001090       0x10 CMakeFiles/MY_FOC_2.elf.dir/Core/Src/stm32f1xx_it.c.obj
                0x08001090                DMA1_Channel1_IRQHandler
 .text.DMA1_Channel2_IRQHandler
                0x080010a0       0x10 CMakeFiles/MY_FOC_2.elf.dir/Core/Src/stm32f1xx_it.c.obj
                0x080010a0                DMA1_Channel2_IRQHandler
 .text.USART3_IRQHandler
                0x080010b0       0x10 CMakeFiles/MY_FOC_2.elf.dir/Core/Src/stm32f1xx_it.c.obj
                0x080010b0                USART3_IRQHandler
 .text._sbrk    0x080010c0       0x48 CMakeFiles/MY_FOC_2.elf.dir/Core/Src/sysmem.c.obj
                0x080010c0                _sbrk
 .text.SystemInit
                0x08001108        0x2 CMakeFiles/MY_FOC_2.elf.dir/Core/Src/system_stm32f1xx.c.obj
                0x08001108                SystemInit
 *fill*         0x0800110a        0x2 
 .text.HAL_TIM_Base_MspInit
                0x0800110c       0x2c CMakeFiles/MY_FOC_2.elf.dir/Core/Src/tim.c.obj
                0x0800110c                HAL_TIM_Base_MspInit
 .text.HAL_TIM_MspPostInit
                0x08001138       0x50 CMakeFiles/MY_FOC_2.elf.dir/Core/Src/tim.c.obj
                0x08001138                HAL_TIM_MspPostInit
 .text.MX_TIM1_Init
                0x08001188      0x10c CMakeFiles/MY_FOC_2.elf.dir/Core/Src/tim.c.obj
                0x08001188                MX_TIM1_Init
 .text.MX_USART3_UART_Init
                0x08001294       0x34 CMakeFiles/MY_FOC_2.elf.dir/Core/Src/usart.c.obj
                0x08001294                MX_USART3_UART_Init
 .text.HAL_UART_MspInit
                0x080012c8       0xc0 CMakeFiles/MY_FOC_2.elf.dir/Core/Src/usart.c.obj
                0x080012c8                HAL_UART_MspInit
 .text.Reset_Handler
                0x08001388       0x48 CMakeFiles/MY_FOC_2.elf.dir/Core/Startup/startup_stm32f103c8tx.s.obj
                0x08001388                Reset_Handler
 .text.Default_Handler
                0x080013d0        0x2 CMakeFiles/MY_FOC_2.elf.dir/Core/Startup/startup_stm32f103c8tx.s.obj
                0x080013d0                RTC_Alarm_IRQHandler
                0x080013d0                EXTI2_IRQHandler
                0x080013d0                TIM1_CC_IRQHandler
                0x080013d0                PVD_IRQHandler
                0x080013d0                EXTI3_IRQHandler
                0x080013d0                EXTI0_IRQHandler
                0x080013d0                I2C2_EV_IRQHandler
                0x080013d0                ADC1_2_IRQHandler
                0x080013d0                SPI1_IRQHandler
                0x080013d0                TAMPER_IRQHandler
                0x080013d0                DMA1_Channel4_IRQHandler
                0x080013d0                RTC_IRQHandler
                0x080013d0                DMA1_Channel7_IRQHandler
                0x080013d0                CAN1_RX1_IRQHandler
                0x080013d0                TIM4_IRQHandler
                0x080013d0                I2C1_EV_IRQHandler
                0x080013d0                DMA1_Channel6_IRQHandler
                0x080013d0                TIM3_IRQHandler
                0x080013d0                RCC_IRQHandler
                0x080013d0                TIM1_TRG_COM_IRQHandler
                0x080013d0                Default_Handler
                0x080013d0                EXTI15_10_IRQHandler
                0x080013d0                EXTI9_5_IRQHandler
                0x080013d0                SPI2_IRQHandler
                0x080013d0                DMA1_Channel5_IRQHandler
                0x080013d0                EXTI4_IRQHandler
                0x080013d0                USB_LP_CAN1_RX0_IRQHandler
                0x080013d0                USB_HP_CAN1_TX_IRQHandler
                0x080013d0                DMA1_Channel3_IRQHandler
                0x080013d0                TIM1_UP_IRQHandler
                0x080013d0                WWDG_IRQHandler
                0x080013d0                TIM2_IRQHandler
                0x080013d0                TIM1_BRK_IRQHandler
                0x080013d0                EXTI1_IRQHandler
                0x080013d0                USART2_IRQHandler
                0x080013d0                I2C2_ER_IRQHandler
                0x080013d0                CAN1_SCE_IRQHandler
                0x080013d0                FLASH_IRQHandler
                0x080013d0                USART1_IRQHandler
                0x080013d0                I2C1_ER_IRQHandler
                0x080013d0                USBWakeUp_IRQHandler
 *fill*         0x080013d2        0x2 
 .text.HAL_InitTick
                0x080013d4       0x4c CMakeFiles/MY_FOC_2.elf.dir/Drivers/STM32F1xx_HAL_Driver/Src/stm32f1xx_hal.c.obj
                0x080013d4                HAL_InitTick
 .text.HAL_Init
                0x08001420       0x24 CMakeFiles/MY_FOC_2.elf.dir/Drivers/STM32F1xx_HAL_Driver/Src/stm32f1xx_hal.c.obj
                0x08001420                HAL_Init
 .text.HAL_IncTick
                0x08001444       0x18 CMakeFiles/MY_FOC_2.elf.dir/Drivers/STM32F1xx_HAL_Driver/Src/stm32f1xx_hal.c.obj
                0x08001444                HAL_IncTick
 .text.HAL_GetTick
                0x0800145c        0xc CMakeFiles/MY_FOC_2.elf.dir/Drivers/STM32F1xx_HAL_Driver/Src/stm32f1xx_hal.c.obj
                0x0800145c                HAL_GetTick
 .text.HAL_ADC_ConvCpltCallback
                0x08001468        0x2 CMakeFiles/MY_FOC_2.elf.dir/Drivers/STM32F1xx_HAL_Driver/Src/stm32f1xx_hal_adc.c.obj
                0x08001468                HAL_ADC_ConvCpltCallback
 .text.ADC_DMAConvCplt
                0x0800146a       0x52 CMakeFiles/MY_FOC_2.elf.dir/Drivers/STM32F1xx_HAL_Driver/Src/stm32f1xx_hal_adc.c.obj
                0x0800146a                ADC_DMAConvCplt
 .text.HAL_ADC_ConvHalfCpltCallback
                0x080014bc        0x2 CMakeFiles/MY_FOC_2.elf.dir/Drivers/STM32F1xx_HAL_Driver/Src/stm32f1xx_hal_adc.c.obj
                0x080014bc                HAL_ADC_ConvHalfCpltCallback
 .text.ADC_DMAHalfConvCplt
                0x080014be        0xa CMakeFiles/MY_FOC_2.elf.dir/Drivers/STM32F1xx_HAL_Driver/Src/stm32f1xx_hal_adc.c.obj
                0x080014be                ADC_DMAHalfConvCplt
 .text.HAL_ADC_ErrorCallback
                0x080014c8        0x2 CMakeFiles/MY_FOC_2.elf.dir/Drivers/STM32F1xx_HAL_Driver/Src/stm32f1xx_hal_adc.c.obj
                0x080014c8                HAL_ADC_ErrorCallback
 .text.ADC_DMAError
                0x080014ca       0x1a CMakeFiles/MY_FOC_2.elf.dir/Drivers/STM32F1xx_HAL_Driver/Src/stm32f1xx_hal_adc.c.obj
                0x080014ca                ADC_DMAError
 .text.HAL_ADC_ConfigChannel
                0x080014e4      0x144 CMakeFiles/MY_FOC_2.elf.dir/Drivers/STM32F1xx_HAL_Driver/Src/stm32f1xx_hal_adc.c.obj
                0x080014e4                HAL_ADC_ConfigChannel
 .text.ADC_Enable
                0x08001628       0x88 CMakeFiles/MY_FOC_2.elf.dir/Drivers/STM32F1xx_HAL_Driver/Src/stm32f1xx_hal_adc.c.obj
                0x08001628                ADC_Enable
 .text.HAL_ADC_Start_DMA
                0x080016b0      0x130 CMakeFiles/MY_FOC_2.elf.dir/Drivers/STM32F1xx_HAL_Driver/Src/stm32f1xx_hal_adc.c.obj
                0x080016b0                HAL_ADC_Start_DMA
 .text.ADC_ConversionStop_Disable
                0x080017e0       0x56 CMakeFiles/MY_FOC_2.elf.dir/Drivers/STM32F1xx_HAL_Driver/Src/stm32f1xx_hal_adc.c.obj
                0x080017e0                ADC_ConversionStop_Disable
 *fill*         0x08001836        0x2 
 .text.HAL_ADC_Init
                0x08001838      0x108 CMakeFiles/MY_FOC_2.elf.dir/Drivers/STM32F1xx_HAL_Driver/Src/stm32f1xx_hal_adc.c.obj
                0x08001838                HAL_ADC_Init
 .text.HAL_ADCEx_Calibration_Start
                0x08001940      0x100 CMakeFiles/MY_FOC_2.elf.dir/Drivers/STM32F1xx_HAL_Driver/Src/stm32f1xx_hal_adc_ex.c.obj
                0x08001940                HAL_ADCEx_Calibration_Start
 .text.HAL_NVIC_SetPriorityGrouping
                0x08001a40       0x24 CMakeFiles/MY_FOC_2.elf.dir/Drivers/STM32F1xx_HAL_Driver/Src/stm32f1xx_hal_cortex.c.obj
                0x08001a40                HAL_NVIC_SetPriorityGrouping
 .text.HAL_NVIC_SetPriority
                0x08001a64       0x70 CMakeFiles/MY_FOC_2.elf.dir/Drivers/STM32F1xx_HAL_Driver/Src/stm32f1xx_hal_cortex.c.obj
                0x08001a64                HAL_NVIC_SetPriority
 .text.HAL_NVIC_EnableIRQ
                0x08001ad4       0x1c CMakeFiles/MY_FOC_2.elf.dir/Drivers/STM32F1xx_HAL_Driver/Src/stm32f1xx_hal_cortex.c.obj
                0x08001ad4                HAL_NVIC_EnableIRQ
 .text.HAL_SYSTICK_Config
                0x08001af0       0x28 CMakeFiles/MY_FOC_2.elf.dir/Drivers/STM32F1xx_HAL_Driver/Src/stm32f1xx_hal_cortex.c.obj
                0x08001af0                HAL_SYSTICK_Config
 .text.DMA_SetConfig
                0x08001b18       0x2c CMakeFiles/MY_FOC_2.elf.dir/Drivers/STM32F1xx_HAL_Driver/Src/stm32f1xx_hal_dma.c.obj
 .text.HAL_DMA_Init
                0x08001b44       0x6c CMakeFiles/MY_FOC_2.elf.dir/Drivers/STM32F1xx_HAL_Driver/Src/stm32f1xx_hal_dma.c.obj
                0x08001b44                HAL_DMA_Init
 .text.HAL_DMA_Start_IT
                0x08001bb0       0x74 CMakeFiles/MY_FOC_2.elf.dir/Drivers/STM32F1xx_HAL_Driver/Src/stm32f1xx_hal_dma.c.obj
                0x08001bb0                HAL_DMA_Start_IT
 .text.HAL_DMA_Abort
                0x08001c24       0x44 CMakeFiles/MY_FOC_2.elf.dir/Drivers/STM32F1xx_HAL_Driver/Src/stm32f1xx_hal_dma.c.obj
                0x08001c24                HAL_DMA_Abort
 .text.HAL_DMA_Abort_IT
                0x08001c68       0x98 CMakeFiles/MY_FOC_2.elf.dir/Drivers/STM32F1xx_HAL_Driver/Src/stm32f1xx_hal_dma.c.obj
                0x08001c68                HAL_DMA_Abort_IT
 .text.HAL_DMA_IRQHandler
                0x08001d00      0x144 CMakeFiles/MY_FOC_2.elf.dir/Drivers/STM32F1xx_HAL_Driver/Src/stm32f1xx_hal_dma.c.obj
                0x08001d00                HAL_DMA_IRQHandler
 .text.HAL_GPIO_Init
                0x08001e44      0x224 CMakeFiles/MY_FOC_2.elf.dir/Drivers/STM32F1xx_HAL_Driver/Src/stm32f1xx_hal_gpio.c.obj
                0x08001e44                HAL_GPIO_Init
 .text.HAL_GPIO_ReadPin
                0x08002068        0xe CMakeFiles/MY_FOC_2.elf.dir/Drivers/STM32F1xx_HAL_Driver/Src/stm32f1xx_hal_gpio.c.obj
                0x08002068                HAL_GPIO_ReadPin
 .text.HAL_GPIO_WritePin
                0x08002076        0xc CMakeFiles/MY_FOC_2.elf.dir/Drivers/STM32F1xx_HAL_Driver/Src/stm32f1xx_hal_gpio.c.obj
                0x08002076                HAL_GPIO_WritePin
 *fill*         0x08002082        0x2 
 .text.RCC_Delay
                0x08002084       0x2c CMakeFiles/MY_FOC_2.elf.dir/Drivers/STM32F1xx_HAL_Driver/Src/stm32f1xx_hal_rcc.c.obj
 .text.HAL_RCC_OscConfig
                0x080020b0      0x410 CMakeFiles/MY_FOC_2.elf.dir/Drivers/STM32F1xx_HAL_Driver/Src/stm32f1xx_hal_rcc.c.obj
                0x080020b0                HAL_RCC_OscConfig
 .text.HAL_RCC_GetSysClockFreq
                0x080024c0       0x70 CMakeFiles/MY_FOC_2.elf.dir/Drivers/STM32F1xx_HAL_Driver/Src/stm32f1xx_hal_rcc.c.obj
                0x080024c0                HAL_RCC_GetSysClockFreq
 .text.HAL_RCC_ClockConfig
                0x08002530      0x16c CMakeFiles/MY_FOC_2.elf.dir/Drivers/STM32F1xx_HAL_Driver/Src/stm32f1xx_hal_rcc.c.obj
                0x08002530                HAL_RCC_ClockConfig
 .text.HAL_RCC_GetHCLKFreq
                0x0800269c        0xc CMakeFiles/MY_FOC_2.elf.dir/Drivers/STM32F1xx_HAL_Driver/Src/stm32f1xx_hal_rcc.c.obj
                0x0800269c                HAL_RCC_GetHCLKFreq
 .text.HAL_RCC_GetPCLK1Freq
                0x080026a8       0x20 CMakeFiles/MY_FOC_2.elf.dir/Drivers/STM32F1xx_HAL_Driver/Src/stm32f1xx_hal_rcc.c.obj
                0x080026a8                HAL_RCC_GetPCLK1Freq
 .text.HAL_RCC_GetPCLK2Freq
                0x080026c8       0x20 CMakeFiles/MY_FOC_2.elf.dir/Drivers/STM32F1xx_HAL_Driver/Src/stm32f1xx_hal_rcc.c.obj
                0x080026c8                HAL_RCC_GetPCLK2Freq
 .text.HAL_RCCEx_PeriphCLKConfig
                0x080026e8      0x118 CMakeFiles/MY_FOC_2.elf.dir/Drivers/STM32F1xx_HAL_Driver/Src/stm32f1xx_hal_rcc_ex.c.obj
                0x080026e8                HAL_RCCEx_PeriphCLKConfig
 .text.HAL_RCCEx_GetPeriphCLKFreq
                0x08002800      0x100 CMakeFiles/MY_FOC_2.elf.dir/Drivers/STM32F1xx_HAL_Driver/Src/stm32f1xx_hal_rcc_ex.c.obj
                0x08002800                HAL_RCCEx_GetPeriphCLKFreq
 .text.SPI_WaitFlagStateUntilTimeout
                0x08002900       0xd4 CMakeFiles/MY_FOC_2.elf.dir/Drivers/STM32F1xx_HAL_Driver/Src/stm32f1xx_hal_spi.c.obj
 .text.SPI_EndRxTxTransaction
                0x080029d4       0x24 CMakeFiles/MY_FOC_2.elf.dir/Drivers/STM32F1xx_HAL_Driver/Src/stm32f1xx_hal_spi.c.obj
 .text.HAL_SPI_Init
                0x080029f8       0xb6 CMakeFiles/MY_FOC_2.elf.dir/Drivers/STM32F1xx_HAL_Driver/Src/stm32f1xx_hal_spi.c.obj
                0x080029f8                HAL_SPI_Init
 .text.HAL_SPI_TransmitReceive
                0x08002aae      0x238 CMakeFiles/MY_FOC_2.elf.dir/Drivers/STM32F1xx_HAL_Driver/Src/stm32f1xx_hal_spi.c.obj
                0x08002aae                HAL_SPI_TransmitReceive
 *fill*         0x08002ce6        0x2 
 .text.TIM_OC1_SetConfig
                0x08002ce8       0x5c CMakeFiles/MY_FOC_2.elf.dir/Drivers/STM32F1xx_HAL_Driver/Src/stm32f1xx_hal_tim.c.obj
 .text.TIM_OC3_SetConfig
                0x08002d44       0x64 CMakeFiles/MY_FOC_2.elf.dir/Drivers/STM32F1xx_HAL_Driver/Src/stm32f1xx_hal_tim.c.obj
 .text.TIM_OC4_SetConfig
                0x08002da8       0x48 CMakeFiles/MY_FOC_2.elf.dir/Drivers/STM32F1xx_HAL_Driver/Src/stm32f1xx_hal_tim.c.obj
 .text.TIM_TI1_ConfigInputStage
                0x08002df0       0x24 CMakeFiles/MY_FOC_2.elf.dir/Drivers/STM32F1xx_HAL_Driver/Src/stm32f1xx_hal_tim.c.obj
 .text.TIM_TI2_ConfigInputStage
                0x08002e14       0x26 CMakeFiles/MY_FOC_2.elf.dir/Drivers/STM32F1xx_HAL_Driver/Src/stm32f1xx_hal_tim.c.obj
 .text.TIM_ITRx_SetConfig
                0x08002e3a       0x10 CMakeFiles/MY_FOC_2.elf.dir/Drivers/STM32F1xx_HAL_Driver/Src/stm32f1xx_hal_tim.c.obj
 *fill*         0x08002e4a        0x2 
 .text.HAL_TIM_Base_Start_IT
                0x08002e4c       0x68 CMakeFiles/MY_FOC_2.elf.dir/Drivers/STM32F1xx_HAL_Driver/Src/stm32f1xx_hal_tim.c.obj
                0x08002e4c                HAL_TIM_Base_Start_IT
 .text.HAL_TIM_PWM_MspInit
                0x08002eb4        0x2 CMakeFiles/MY_FOC_2.elf.dir/Drivers/STM32F1xx_HAL_Driver/Src/stm32f1xx_hal_tim.c.obj
                0x08002eb4                HAL_TIM_PWM_MspInit
 *fill*         0x08002eb6        0x2 
 .text.TIM_Base_SetConfig
                0x08002eb8       0x74 CMakeFiles/MY_FOC_2.elf.dir/Drivers/STM32F1xx_HAL_Driver/Src/stm32f1xx_hal_tim.c.obj
                0x08002eb8                TIM_Base_SetConfig
 .text.HAL_TIM_Base_Init
                0x08002f2c       0x58 CMakeFiles/MY_FOC_2.elf.dir/Drivers/STM32F1xx_HAL_Driver/Src/stm32f1xx_hal_tim.c.obj
                0x08002f2c                HAL_TIM_Base_Init
 .text.HAL_TIM_PWM_Init
                0x08002f84       0x58 CMakeFiles/MY_FOC_2.elf.dir/Drivers/STM32F1xx_HAL_Driver/Src/stm32f1xx_hal_tim.c.obj
                0x08002f84                HAL_TIM_PWM_Init
 .text.TIM_OC2_SetConfig
                0x08002fdc       0x64 CMakeFiles/MY_FOC_2.elf.dir/Drivers/STM32F1xx_HAL_Driver/Src/stm32f1xx_hal_tim.c.obj
                0x08002fdc                TIM_OC2_SetConfig
 .text.HAL_TIM_PWM_ConfigChannel
                0x08003040       0xd0 CMakeFiles/MY_FOC_2.elf.dir/Drivers/STM32F1xx_HAL_Driver/Src/stm32f1xx_hal_tim.c.obj
                0x08003040                HAL_TIM_PWM_ConfigChannel
 .text.TIM_ETR_SetConfig
                0x08003110       0x18 CMakeFiles/MY_FOC_2.elf.dir/Drivers/STM32F1xx_HAL_Driver/Src/stm32f1xx_hal_tim.c.obj
                0x08003110                TIM_ETR_SetConfig
 .text.HAL_TIM_ConfigClockSource
                0x08003128       0xda CMakeFiles/MY_FOC_2.elf.dir/Drivers/STM32F1xx_HAL_Driver/Src/stm32f1xx_hal_tim.c.obj
                0x08003128                HAL_TIM_ConfigClockSource
 .text.TIM_CCxChannelCmd
                0x08003202       0x1e CMakeFiles/MY_FOC_2.elf.dir/Drivers/STM32F1xx_HAL_Driver/Src/stm32f1xx_hal_tim.c.obj
                0x08003202                TIM_CCxChannelCmd
 .text.HAL_TIM_PWM_Start
                0x08003220       0xdc CMakeFiles/MY_FOC_2.elf.dir/Drivers/STM32F1xx_HAL_Driver/Src/stm32f1xx_hal_tim.c.obj
                0x08003220                HAL_TIM_PWM_Start
 .text.HAL_TIMEx_MasterConfigSynchronization
                0x080032fc       0x6c CMakeFiles/MY_FOC_2.elf.dir/Drivers/STM32F1xx_HAL_Driver/Src/stm32f1xx_hal_tim_ex.c.obj
                0x080032fc                HAL_TIMEx_MasterConfigSynchronization
 .text.HAL_TIMEx_ConfigBreakDeadTime
                0x08003368       0x52 CMakeFiles/MY_FOC_2.elf.dir/Drivers/STM32F1xx_HAL_Driver/Src/stm32f1xx_hal_tim_ex.c.obj
                0x08003368                HAL_TIMEx_ConfigBreakDeadTime
 .text.UART_EndTxTransfer
                0x080033ba       0x12 CMakeFiles/MY_FOC_2.elf.dir/Drivers/STM32F1xx_HAL_Driver/Src/stm32f1xx_hal_uart.c.obj
 .text.UART_EndRxTransfer
                0x080033cc       0x32 CMakeFiles/MY_FOC_2.elf.dir/Drivers/STM32F1xx_HAL_Driver/Src/stm32f1xx_hal_uart.c.obj
 .text.UART_Transmit_IT
                0x080033fe       0x60 CMakeFiles/MY_FOC_2.elf.dir/Drivers/STM32F1xx_HAL_Driver/Src/stm32f1xx_hal_uart.c.obj
 *fill*         0x0800345e        0x2 
 .text.UART_SetConfig
                0x08003460       0x94 CMakeFiles/MY_FOC_2.elf.dir/Drivers/STM32F1xx_HAL_Driver/Src/stm32f1xx_hal_uart.c.obj
 .text.UART_WaitOnFlagUntilTimeout
                0x080034f4       0x6c CMakeFiles/MY_FOC_2.elf.dir/Drivers/STM32F1xx_HAL_Driver/Src/stm32f1xx_hal_uart.c.obj
 .text.HAL_UART_Init
                0x08003560       0x5e CMakeFiles/MY_FOC_2.elf.dir/Drivers/STM32F1xx_HAL_Driver/Src/stm32f1xx_hal_uart.c.obj
                0x08003560                HAL_UART_Init
 .text.HAL_UART_Transmit
                0x080035be       0xd8 CMakeFiles/MY_FOC_2.elf.dir/Drivers/STM32F1xx_HAL_Driver/Src/stm32f1xx_hal_uart.c.obj
                0x080035be                HAL_UART_Transmit
 .text.HAL_UART_Receive
                0x08003696       0xe4 CMakeFiles/MY_FOC_2.elf.dir/Drivers/STM32F1xx_HAL_Driver/Src/stm32f1xx_hal_uart.c.obj
                0x08003696                HAL_UART_Receive
 *fill*         0x0800377a        0x2 
 .text.HAL_UART_Transmit_DMA
                0x0800377c       0x8c CMakeFiles/MY_FOC_2.elf.dir/Drivers/STM32F1xx_HAL_Driver/Src/stm32f1xx_hal_uart.c.obj
                0x0800377c                HAL_UART_Transmit_DMA
 .text.HAL_UART_TxCpltCallback
                0x08003808        0x2 CMakeFiles/MY_FOC_2.elf.dir/Drivers/STM32F1xx_HAL_Driver/Src/stm32f1xx_hal_uart.c.obj
                0x08003808                HAL_UART_TxCpltCallback
 .text.UART_DMATransmitCplt
                0x0800380a       0x30 CMakeFiles/MY_FOC_2.elf.dir/Drivers/STM32F1xx_HAL_Driver/Src/stm32f1xx_hal_uart.c.obj
 .text.UART_EndTransmit_IT
                0x0800383a       0x1a CMakeFiles/MY_FOC_2.elf.dir/Drivers/STM32F1xx_HAL_Driver/Src/stm32f1xx_hal_uart.c.obj
 .text.HAL_UART_TxHalfCpltCallback
                0x08003854        0x2 CMakeFiles/MY_FOC_2.elf.dir/Drivers/STM32F1xx_HAL_Driver/Src/stm32f1xx_hal_uart.c.obj
                0x08003854                HAL_UART_TxHalfCpltCallback
 .text.UART_DMATxHalfCplt
                0x08003856        0xa CMakeFiles/MY_FOC_2.elf.dir/Drivers/STM32F1xx_HAL_Driver/Src/stm32f1xx_hal_uart.c.obj
 .text.HAL_UART_RxCpltCallback
                0x08003860        0x2 CMakeFiles/MY_FOC_2.elf.dir/Drivers/STM32F1xx_HAL_Driver/Src/stm32f1xx_hal_uart.c.obj
                0x08003860                HAL_UART_RxCpltCallback
 .text.HAL_UART_ErrorCallback
                0x08003862        0x2 CMakeFiles/MY_FOC_2.elf.dir/Drivers/STM32F1xx_HAL_Driver/Src/stm32f1xx_hal_uart.c.obj
                0x08003862                HAL_UART_ErrorCallback
 .text.UART_DMAError
                0x08003864       0x58 CMakeFiles/MY_FOC_2.elf.dir/Drivers/STM32F1xx_HAL_Driver/Src/stm32f1xx_hal_uart.c.obj
 .text.UART_DMAAbortOnError
                0x080038bc       0x10 CMakeFiles/MY_FOC_2.elf.dir/Drivers/STM32F1xx_HAL_Driver/Src/stm32f1xx_hal_uart.c.obj
 .text.HAL_UARTEx_RxEventCallback
                0x080038cc        0x2 CMakeFiles/MY_FOC_2.elf.dir/Drivers/STM32F1xx_HAL_Driver/Src/stm32f1xx_hal_uart.c.obj
                0x080038cc                HAL_UARTEx_RxEventCallback
 .text.UART_Receive_IT
                0x080038ce       0xd4 CMakeFiles/MY_FOC_2.elf.dir/Drivers/STM32F1xx_HAL_Driver/Src/stm32f1xx_hal_uart.c.obj
 *fill*         0x080039a2        0x2 
 .text.HAL_UART_IRQHandler
                0x080039a4      0x204 CMakeFiles/MY_FOC_2.elf.dir/Drivers/STM32F1xx_HAL_Driver/Src/stm32f1xx_hal_uart.c.obj
                0x080039a4                HAL_UART_IRQHandler
 .text.UART_Start_Receive_IT
                0x08003ba8       0x36 CMakeFiles/MY_FOC_2.elf.dir/Drivers/STM32F1xx_HAL_Driver/Src/stm32f1xx_hal_uart.c.obj
                0x08003ba8                UART_Start_Receive_IT
 .text.HAL_UART_Receive_IT
                0x08003bde       0x38 CMakeFiles/MY_FOC_2.elf.dir/Drivers/STM32F1xx_HAL_Driver/Src/stm32f1xx_hal_uart.c.obj
                0x08003bde                HAL_UART_Receive_IT
 *fill*         0x08003c16        0x2 
 .text.brushless_motor_Init
                0x08003c18       0x38 CMakeFiles/MY_FOC_2.elf.dir/FOC_Ctrl/BLDC_MOTOR/BLDC_MOTOR.c.obj
                0x08003c18                brushless_motor_Init
 .text.setPwm   0x08003c50       0x10 CMakeFiles/MY_FOC_2.elf.dir/FOC_Ctrl/BLDC_MOTOR/BLDC_MOTOR.c.obj
                0x08003c50                setPwm
 .text.setPhaseVoltage
                0x08003c60      0x2c0 CMakeFiles/MY_FOC_2.elf.dir/FOC_Ctrl/BLDC_MOTOR/BLDC_MOTOR.c.obj
                0x08003c60                setPhaseVoltage
 .text.FOC_SVPWM
                0x08003f20       0x10 CMakeFiles/MY_FOC_2.elf.dir/FOC_Ctrl/BLDC_MOTOR/BLDC_MOTOR.c.obj
                0x08003f20                FOC_SVPWM
 .text.Clarke   0x08003f30       0x2c CMakeFiles/MY_FOC_2.elf.dir/FOC_Ctrl/FOC_Math/FOC_Math.c.obj
                0x08003f30                Clarke
 .text.Park     0x08003f5c       0xa2 CMakeFiles/MY_FOC_2.elf.dir/FOC_Ctrl/FOC_Math/FOC_Math.c.obj
                0x08003f5c                Park
 *fill*         0x08003ffe        0x2 
 .text.Inv_Park
                0x08004000       0xcc CMakeFiles/MY_FOC_2.elf.dir/FOC_Ctrl/FOC_Math/FOC_Math.c.obj
                0x08004000                Inv_Park
 .text.CurrentPIControlID
                0x080040cc       0xa6 CMakeFiles/MY_FOC_2.elf.dir/FOC_Ctrl/FOC_Math/FOC_Math.c.obj
                0x080040cc                CurrentPIControlID
 .text.CurrentPIControlIQ
                0x08004172       0xc2 CMakeFiles/MY_FOC_2.elf.dir/FOC_Ctrl/FOC_Math/FOC_Math.c.obj
                0x08004172                CurrentPIControlIQ
 .text.SpeedPIControlIQ
                0x08004234       0xce CMakeFiles/MY_FOC_2.elf.dir/FOC_Ctrl/FOC_Math/FOC_Math.c.obj
                0x08004234                SpeedPIControlIQ
 *fill*         0x08004302        0x2 
 .text.PositionPIDControl
                0x08004304      0x14c CMakeFiles/MY_FOC_2.elf.dir/FOC_Ctrl/FOC_Math/FOC_Math.c.obj
                0x08004304                PositionPIDControl
 .text.FocPID_Init
                0x08004450       0xac CMakeFiles/MY_FOC_2.elf.dir/FOC_Ctrl/FOC_Math/FOC_Math.c.obj
                0x08004450                FocPID_Init
 *fill*         0x080044fc        0x4 
 .text.User_APP
                0x08004500      0x240 CMakeFiles/MY_FOC_2.elf.dir/FOC_Ctrl/User_APP/User_APP.c.obj
                0x08004500                User_APP
 .text.Parity_bit_Calculate
                0x08004740       0x12 CMakeFiles/MY_FOC_2.elf.dir/HARDWARE/AS5047P/as5047p.c.obj
                0x08004740                Parity_bit_Calculate
 *fill*         0x08004752        0x2 
 .text.SPI_ReadWrite_OneByte
                0x08004754       0x4c CMakeFiles/MY_FOC_2.elf.dir/HARDWARE/AS5047P/as5047p.c.obj
                0x08004754                SPI_ReadWrite_OneByte
 .text.GetMotor_Speed
                0x080047a0       0x6c CMakeFiles/MY_FOC_2.elf.dir/HARDWARE/AS5047P/as5047p.c.obj
                0x080047a0                GetMotor_Speed
 .text.AS5047_read
                0x0800480c       0x2c CMakeFiles/MY_FOC_2.elf.dir/HARDWARE/AS5047P/as5047p.c.obj
                0x0800480c                AS5047_read
 .text.Read_Angle
                0x08004838       0xac CMakeFiles/MY_FOC_2.elf.dir/HARDWARE/AS5047P/as5047p.c.obj
                0x08004838                Read_Angle
 .text.ADC_Init
                0x080048e4       0x20 CMakeFiles/MY_FOC_2.elf.dir/HARDWARE/Motor_ADC/Motor_ADC.c.obj
                0x080048e4                ADC_Init
 .text.GetMotorADC1PhaseCurrent
                0x08004904       0x68 CMakeFiles/MY_FOC_2.elf.dir/HARDWARE/Motor_ADC/Motor_ADC.c.obj
                0x08004904                GetMotorADC1PhaseCurrent
 .text.RetargetInit
                0x0800496c       0x20 CMakeFiles/MY_FOC_2.elf.dir/HARDWARE/retarget/retarget.c.obj
                0x0800496c                RetargetInit
 .text._write   0x0800498c       0x34 CMakeFiles/MY_FOC_2.elf.dir/HARDWARE/retarget/retarget.c.obj
                0x0800498c                _write
 .text._close   0x080049c0       0x18 CMakeFiles/MY_FOC_2.elf.dir/HARDWARE/retarget/retarget.c.obj
                0x080049c0                _close
 .text._lseek   0x080049d8       0x10 CMakeFiles/MY_FOC_2.elf.dir/HARDWARE/retarget/retarget.c.obj
                0x080049d8                _lseek
 .text._read    0x080049e8       0x30 CMakeFiles/MY_FOC_2.elf.dir/HARDWARE/retarget/retarget.c.obj
                0x080049e8                _read
 .text._fstat   0x08004a18       0x1a CMakeFiles/MY_FOC_2.elf.dir/HARDWARE/retarget/retarget.c.obj
                0x08004a18                _fstat
 *fill*         0x08004a32        0x2 
 .text.__errno  0x08004a34        0xc d:/gnu_arm/bin/../lib/gcc/arm-none-eabi/10.3.1/../../../../arm-none-eabi/lib/thumb/v7-m/nofp\libg.a(lib_a-errno.o)
                0x08004a34                __errno
 .text.__libc_init_array
                0x08004a40       0x48 d:/gnu_arm/bin/../lib/gcc/arm-none-eabi/10.3.1/../../../../arm-none-eabi/lib/thumb/v7-m/nofp\libg.a(lib_a-init.o)
                0x08004a40                __libc_init_array
 .text.memset   0x08004a88       0xa4 d:/gnu_arm/bin/../lib/gcc/arm-none-eabi/10.3.1/../../../../arm-none-eabi/lib/thumb/v7-m/nofp\libg.a(lib_a-memset.o)
                0x08004a88                memset
 .text.setvbuf  0x08004b2c      0x1b0 d:/gnu_arm/bin/../lib/gcc/arm-none-eabi/10.3.1/../../../../arm-none-eabi/lib/thumb/v7-m/nofp\libg.a(lib_a-setvbuf.o)
                0x08004b2c                setvbuf
 .text.startup.register_fini
                0x08004cdc       0x14 d:/gnu_arm/bin/../lib/gcc/arm-none-eabi/10.3.1/../../../../arm-none-eabi/lib/thumb/v7-m/nofp\libg.a(lib_a-__call_atexit.o)
 .text.atexit   0x08004cf0        0xc d:/gnu_arm/bin/../lib/gcc/arm-none-eabi/10.3.1/../../../../arm-none-eabi/lib/thumb/v7-m/nofp\libg.a(lib_a-atexit.o)
                0x08004cf0                atexit
 .text.__sflush_r
                0x08004cfc      0x124 d:/gnu_arm/bin/../lib/gcc/arm-none-eabi/10.3.1/../../../../arm-none-eabi/lib/thumb/v7-m/nofp\libg.a(lib_a-fflush.o)
                0x08004cfc                __sflush_r
 .text._fflush_r
                0x08004e20       0x5c d:/gnu_arm/bin/../lib/gcc/arm-none-eabi/10.3.1/../../../../arm-none-eabi/lib/thumb/v7-m/nofp\libg.a(lib_a-fflush.o)
                0x08004e20                _fflush_r
 .text._cleanup_r
                0x08004e7c        0xc d:/gnu_arm/bin/../lib/gcc/arm-none-eabi/10.3.1/../../../../arm-none-eabi/lib/thumb/v7-m/nofp\libg.a(lib_a-findfp.o)
                0x08004e7c                _cleanup_r
 .text.__sinit  0x08004e88      0x10c d:/gnu_arm/bin/../lib/gcc/arm-none-eabi/10.3.1/../../../../arm-none-eabi/lib/thumb/v7-m/nofp\libg.a(lib_a-findfp.o)
                0x08004e88                __sinit
 .text.__sfp_lock_acquire
                0x08004f94        0xc d:/gnu_arm/bin/../lib/gcc/arm-none-eabi/10.3.1/../../../../arm-none-eabi/lib/thumb/v7-m/nofp\libg.a(lib_a-findfp.o)
                0x08004f94                __sfp_lock_acquire
 .text.__sfp_lock_release
                0x08004fa0        0xc d:/gnu_arm/bin/../lib/gcc/arm-none-eabi/10.3.1/../../../../arm-none-eabi/lib/thumb/v7-m/nofp\libg.a(lib_a-findfp.o)
                0x08004fa0                __sfp_lock_release
 .text.__libc_fini_array
                0x08004fac       0x2c d:/gnu_arm/bin/../lib/gcc/arm-none-eabi/10.3.1/../../../../arm-none-eabi/lib/thumb/v7-m/nofp\libg.a(lib_a-fini.o)
                0x08004fac                __libc_fini_array
 .text._malloc_trim_r
                0x08004fd8       0xa0 d:/gnu_arm/bin/../lib/gcc/arm-none-eabi/10.3.1/../../../../arm-none-eabi/lib/thumb/v7-m/nofp\libg.a(lib_a-freer.o)
                0x08004fd8                _malloc_trim_r
 .text._free_r  0x08005078      0x200 d:/gnu_arm/bin/../lib/gcc/arm-none-eabi/10.3.1/../../../../arm-none-eabi/lib/thumb/v7-m/nofp\libg.a(lib_a-freer.o)
                0x08005078                _free_r
 .text._fwalk_reent
                0x08005278       0x48 d:/gnu_arm/bin/../lib/gcc/arm-none-eabi/10.3.1/../../../../arm-none-eabi/lib/thumb/v7-m/nofp\libg.a(lib_a-fwalk.o)
                0x08005278                _fwalk_reent
 .text.__retarget_lock_init_recursive
                0x080052c0        0x4 d:/gnu_arm/bin/../lib/gcc/arm-none-eabi/10.3.1/../../../../arm-none-eabi/lib/thumb/v7-m/nofp\libg.a(lib_a-lock.o)
                0x080052c0                __retarget_lock_init_recursive
 .text.__retarget_lock_close_recursive
                0x080052c4        0x4 d:/gnu_arm/bin/../lib/gcc/arm-none-eabi/10.3.1/../../../../arm-none-eabi/lib/thumb/v7-m/nofp\libg.a(lib_a-lock.o)
                0x080052c4                __retarget_lock_close_recursive
 .text.__retarget_lock_acquire_recursive
                0x080052c8        0x4 d:/gnu_arm/bin/../lib/gcc/arm-none-eabi/10.3.1/../../../../arm-none-eabi/lib/thumb/v7-m/nofp\libg.a(lib_a-lock.o)
                0x080052c8                __retarget_lock_acquire_recursive
 .text.__retarget_lock_release_recursive
                0x080052cc        0x4 d:/gnu_arm/bin/../lib/gcc/arm-none-eabi/10.3.1/../../../../arm-none-eabi/lib/thumb/v7-m/nofp\libg.a(lib_a-lock.o)
                0x080052cc                __retarget_lock_release_recursive
 .text.__swhatbuf_r
                0x080052d0       0x60 d:/gnu_arm/bin/../lib/gcc/arm-none-eabi/10.3.1/../../../../arm-none-eabi/lib/thumb/v7-m/nofp\libg.a(lib_a-makebuf.o)
                0x080052d0                __swhatbuf_r
 .text.malloc   0x08005330       0x10 d:/gnu_arm/bin/../lib/gcc/arm-none-eabi/10.3.1/../../../../arm-none-eabi/lib/thumb/v7-m/nofp\libg.a(lib_a-malloc.o)
                0x08005330                malloc
 .text._malloc_r
                0x08005340      0x558 d:/gnu_arm/bin/../lib/gcc/arm-none-eabi/10.3.1/../../../../arm-none-eabi/lib/thumb/v7-m/nofp\libg.a(lib_a-mallocr.o)
                0x08005340                _malloc_r
 .text.__malloc_lock
                0x08005898        0xc d:/gnu_arm/bin/../lib/gcc/arm-none-eabi/10.3.1/../../../../arm-none-eabi/lib/thumb/v7-m/nofp\libg.a(lib_a-mlock.o)
                0x08005898                __malloc_lock
 .text.__malloc_unlock
                0x080058a4        0xc d:/gnu_arm/bin/../lib/gcc/arm-none-eabi/10.3.1/../../../../arm-none-eabi/lib/thumb/v7-m/nofp\libg.a(lib_a-mlock.o)
                0x080058a4                __malloc_unlock
 .text._sbrk_r  0x080058b0       0x24 d:/gnu_arm/bin/../lib/gcc/arm-none-eabi/10.3.1/../../../../arm-none-eabi/lib/thumb/v7-m/nofp\libg.a(lib_a-sbrkr.o)
                0x080058b0                _sbrk_r
 .text.__sread  0x080058d4       0x24 d:/gnu_arm/bin/../lib/gcc/arm-none-eabi/10.3.1/../../../../arm-none-eabi/lib/thumb/v7-m/nofp\libg.a(lib_a-stdio.o)
                0x080058d4                __sread
 .text.__swrite
                0x080058f8       0x40 d:/gnu_arm/bin/../lib/gcc/arm-none-eabi/10.3.1/../../../../arm-none-eabi/lib/thumb/v7-m/nofp\libg.a(lib_a-stdio.o)
                0x080058f8                __swrite
 .text.__sseek  0x08005938       0x20 d:/gnu_arm/bin/../lib/gcc/arm-none-eabi/10.3.1/../../../../arm-none-eabi/lib/thumb/v7-m/nofp\libg.a(lib_a-stdio.o)
                0x08005938                __sseek
 .text.__sclose
                0x08005958        0x8 d:/gnu_arm/bin/../lib/gcc/arm-none-eabi/10.3.1/../../../../arm-none-eabi/lib/thumb/v7-m/nofp\libg.a(lib_a-stdio.o)
                0x08005958                __sclose
 .text._write_r
                0x08005960       0x2c d:/gnu_arm/bin/../lib/gcc/arm-none-eabi/10.3.1/../../../../arm-none-eabi/lib/thumb/v7-m/nofp\libg.a(lib_a-writer.o)
                0x08005960                _write_r
 .text.__register_exitproc
                0x0800598c       0x8c d:/gnu_arm/bin/../lib/gcc/arm-none-eabi/10.3.1/../../../../arm-none-eabi/lib/thumb/v7-m/nofp\libg.a(lib_a-__atexit.o)
                0x0800598c                __register_exitproc
 .text._close_r
                0x08005a18       0x24 d:/gnu_arm/bin/../lib/gcc/arm-none-eabi/10.3.1/../../../../arm-none-eabi/lib/thumb/v7-m/nofp\libg.a(lib_a-closer.o)
                0x08005a18                _close_r
 .text._fclose_r
                0x08005a3c       0xcc d:/gnu_arm/bin/../lib/gcc/arm-none-eabi/10.3.1/../../../../arm-none-eabi/lib/thumb/v7-m/nofp\libg.a(lib_a-fclose.o)
                0x08005a3c                _fclose_r
 .text._fstat_r
                0x08005b08       0x28 d:/gnu_arm/bin/../lib/gcc/arm-none-eabi/10.3.1/../../../../arm-none-eabi/lib/thumb/v7-m/nofp\libg.a(lib_a-fstatr.o)
                0x08005b08                _fstat_r
 .text._lseek_r
                0x08005b30       0x2c d:/gnu_arm/bin/../lib/gcc/arm-none-eabi/10.3.1/../../../../arm-none-eabi/lib/thumb/v7-m/nofp\libg.a(lib_a-lseekr.o)
                0x08005b30                _lseek_r
 .text._read_r  0x08005b5c       0x2c d:/gnu_arm/bin/../lib/gcc/arm-none-eabi/10.3.1/../../../../arm-none-eabi/lib/thumb/v7-m/nofp\libg.a(lib_a-readr.o)
                0x08005b5c                _read_r
 *(.glue_7)
 .glue_7        0x08005b88        0x0 linker stubs
 *(.glue_7t)
 .glue_7t       0x08005b88        0x0 linker stubs
 *(.eh_frame)
 .eh_frame      0x08005b88        0x0 d:/gnu_arm/bin/../lib/gcc/arm-none-eabi/10.3.1/thumb/v7-m/nofp/crtbegin.o
 *(.init)
 .init          0x08005b88        0x4 d:/gnu_arm/bin/../lib/gcc/arm-none-eabi/10.3.1/thumb/v7-m/nofp/crti.o
                0x08005b88                _init
 .init          0x08005b8c        0x8 d:/gnu_arm/bin/../lib/gcc/arm-none-eabi/10.3.1/thumb/v7-m/nofp/crtn.o
 *(.fini)
 .fini          0x08005b94        0x4 d:/gnu_arm/bin/../lib/gcc/arm-none-eabi/10.3.1/thumb/v7-m/nofp/crti.o
                0x08005b94                _fini
 .fini          0x08005b98        0x8 d:/gnu_arm/bin/../lib/gcc/arm-none-eabi/10.3.1/thumb/v7-m/nofp/crtn.o
                0x08005ba0                . = ALIGN (0x4)
                0x08005ba0                _etext = .

.vfp11_veneer   0x08005ba0        0x0
 .vfp11_veneer  0x08005ba0        0x0 linker stubs

.v4_bx          0x08005ba0        0x0
 .v4_bx         0x08005ba0        0x0 linker stubs

.iplt           0x08005ba0        0x0
 .iplt          0x08005ba0        0x0 d:/gnu_arm/bin/../lib/gcc/arm-none-eabi/10.3.1/thumb/v7-m/nofp/crtbegin.o

_IQ28cos        0x08005ba0       0xb8
 _IQ28cos       0x08005ba0       0xb8 C:\Users\WhiteKite2020\Downloads\MY_FOC_Driver-main\MY_FOC_Driver-main\Software\MY_FOC_2\Lib\IQmathLib-cm3.lib(IQNcos.o)
                0x08005ba0                _IQ28cos

_IQ17div        0x08005c58       0x90
 _IQ17div       0x08005c58       0x90 C:\Users\WhiteKite2020\Downloads\MY_FOC_Driver-main\MY_FOC_Driver-main\Software\MY_FOC_2\Lib\IQmathLib-cm3.lib(IQNdiv.o)
                0x08005c58                _IQ17div

_IQ17mpy        0x08005ce8       0x10
 _IQ17mpy       0x08005ce8       0x10 C:\Users\WhiteKite2020\Downloads\MY_FOC_Driver-main\MY_FOC_Driver-main\Software\MY_FOC_2\Lib\IQmathLib-cm3.lib(IQNmpy.o)
                0x08005ce8                _IQ17mpy

_IQ19mpy        0x08005cf8       0x10
 _IQ19mpy       0x08005cf8       0x10 C:\Users\WhiteKite2020\Downloads\MY_FOC_Driver-main\MY_FOC_Driver-main\Software\MY_FOC_2\Lib\IQmathLib-cm3.lib(IQNmpy.o)
                0x08005cf8                _IQ19mpy

_IQ24mpy        0x08005d08       0x10
 _IQ24mpy       0x08005d08       0x10 C:\Users\WhiteKite2020\Downloads\MY_FOC_Driver-main\MY_FOC_Driver-main\Software\MY_FOC_2\Lib\IQmathLib-cm3.lib(IQNmpy.o)
                0x08005d08                _IQ24mpy

_IQ28mpy        0x08005d18       0x10
 _IQ28mpy       0x08005d18       0x10 C:\Users\WhiteKite2020\Downloads\MY_FOC_Driver-main\MY_FOC_Driver-main\Software\MY_FOC_2\Lib\IQmathLib-cm3.lib(IQNmpy.o)
                0x08005d18                _IQ28mpy

_IQ28sin        0x08005d28       0xb4
 _IQ28sin       0x08005d28       0xb4 C:\Users\WhiteKite2020\Downloads\MY_FOC_Driver-main\MY_FOC_Driver-main\Software\MY_FOC_2\Lib\IQmathLib-cm3.lib(IQNsin.o)
                0x08005d28                _IQ28sin

_IQ17toF        0x08005ddc       0x24
 _IQ17toF       0x08005ddc       0x24 C:\Users\WhiteKite2020\Downloads\MY_FOC_Driver-main\MY_FOC_Driver-main\Software\MY_FOC_2\Lib\IQmathLib-cm3.lib(IQNtoF.o)
                0x08005ddc                _IQ17toF

_IQ19toF        0x08005e00       0x24
 _IQ19toF       0x08005e00       0x24 C:\Users\WhiteKite2020\Downloads\MY_FOC_Driver-main\MY_FOC_Driver-main\Software\MY_FOC_2\Lib\IQmathLib-cm3.lib(IQNtoF.o)
                0x08005e00                _IQ19toF

_IQ24toF        0x08005e24       0x24
 _IQ24toF       0x08005e24       0x24 C:\Users\WhiteKite2020\Downloads\MY_FOC_Driver-main\MY_FOC_Driver-main\Software\MY_FOC_2\Lib\IQmathLib-cm3.lib(IQNtoF.o)
                0x08005e24                _IQ24toF

_IQ28toF        0x08005e48       0x24
 _IQ28toF       0x08005e48       0x24 C:\Users\WhiteKite2020\Downloads\MY_FOC_Driver-main\MY_FOC_Driver-main\Software\MY_FOC_2\Lib\IQmathLib-cm3.lib(IQNtoF.o)
                0x08005e48                _IQ28toF

sincos_table    0x08005e6c      0x804
 sincos_table   0x08005e6c      0x804 C:\Users\WhiteKite2020\Downloads\MY_FOC_Driver-main\MY_FOC_Driver-main\Software\MY_FOC_2\Lib\IQmathLib-cm3.lib(IQtables.o)
                0x08005e6c                sincos_table

.rodata         0x08006670       0x30
                0x08006670                . = ALIGN (0x4)
 *(.rodata)
 *(.rodata*)
 .rodata.AHBPrescTable
                0x08006670       0x10 CMakeFiles/MY_FOC_2.elf.dir/Core/Src/system_stm32f1xx.c.obj
                0x08006670                AHBPrescTable
 .rodata.APBPrescTable
                0x08006680        0x8 CMakeFiles/MY_FOC_2.elf.dir/Core/Src/system_stm32f1xx.c.obj
                0x08006680                APBPrescTable
 .rodata.HAL_RCC_GetSysClockFreq.str1.4
                0x08006688       0x11 CMakeFiles/MY_FOC_2.elf.dir/Drivers/STM32F1xx_HAL_Driver/Src/stm32f1xx_hal_rcc.c.obj
 .rodata.HAL_RCCEx_GetPeriphCLKFreq.str1.4
                0x08006699       0x11 CMakeFiles/MY_FOC_2.elf.dir/Drivers/STM32F1xx_HAL_Driver/Src/stm32f1xx_hal_rcc_ex.c.obj
 *fill*         0x08006699        0x3 
 .rodata._global_impure_ptr
                0x0800669c        0x4 d:/gnu_arm/bin/../lib/gcc/arm-none-eabi/10.3.1/../../../../arm-none-eabi/lib/thumb/v7-m/nofp\libg.a(lib_a-impure.o)
                0x0800669c                _global_impure_ptr
                0x080066a0                . = ALIGN (0x4)

.rel.dyn        0x080066a0        0x0
 .rel.iplt      0x080066a0        0x0 d:/gnu_arm/bin/../lib/gcc/arm-none-eabi/10.3.1/thumb/v7-m/nofp/crtbegin.o

.ARM.extab      0x080066a0        0x0
                0x080066a0                . = ALIGN (0x4)
 *(.ARM.extab* .gnu.linkonce.armextab.*)
                0x080066a0                . = ALIGN (0x4)

.ARM            0x080066a0        0x0
                0x080066a0                . = ALIGN (0x4)
                0x080066a0                __exidx_start = .
 *(.ARM.exidx*)
                0x080066a0                __exidx_end = .
                0x080066a0                . = ALIGN (0x4)

.preinit_array  0x080066a0        0x0
                0x080066a0                . = ALIGN (0x4)
                0x080066a0                PROVIDE (__preinit_array_start = .)
 *(.preinit_array*)
                0x080066a0                PROVIDE (__preinit_array_end = .)
                0x080066a0                . = ALIGN (0x4)

.init_array     0x080066a0        0x8
                0x080066a0                . = ALIGN (0x4)
                0x080066a0                PROVIDE (__init_array_start = .)
 *(SORT_BY_NAME(.init_array.*))
 .init_array.00000
                0x080066a0        0x4 d:/gnu_arm/bin/../lib/gcc/arm-none-eabi/10.3.1/../../../../arm-none-eabi/lib/thumb/v7-m/nofp\libg.a(lib_a-__call_atexit.o)
 *(.init_array*)
 .init_array    0x080066a4        0x4 d:/gnu_arm/bin/../lib/gcc/arm-none-eabi/10.3.1/thumb/v7-m/nofp/crtbegin.o
                0x080066a8                PROVIDE (__init_array_end = .)
                0x080066a8                . = ALIGN (0x4)

.fini_array     0x080066a8        0x4
                0x080066a8                . = ALIGN (0x4)
                0x080066a8                PROVIDE (__fini_array_start = .)
 *(SORT_BY_NAME(.fini_array.*))
 *(.fini_array*)
 .fini_array    0x080066a8        0x4 d:/gnu_arm/bin/../lib/gcc/arm-none-eabi/10.3.1/thumb/v7-m/nofp/crtbegin.o
                0x080066ac                PROVIDE (__fini_array_end = .)
                0x080066ac                . = ALIGN (0x4)
                0x080066ac                _sidata = LOADADDR (.data)

.data           0x20000000      0x874 load address 0x080066ac
                0x20000000                . = ALIGN (0x4)
                0x20000000                _sdata = .
 *(.data)
 *(.data*)
 .data.sendData
                0x20000000       0x28 CMakeFiles/MY_FOC_2.elf.dir/Core/Src/main.c.obj
 .data.SystemCoreClock
                0x20000028        0x4 CMakeFiles/MY_FOC_2.elf.dir/Core/Src/system_stm32f1xx.c.obj
                0x20000028                SystemCoreClock
 .data.uwTickFreq
                0x2000002c        0x1 CMakeFiles/MY_FOC_2.elf.dir/Drivers/STM32F1xx_HAL_Driver/Src/stm32f1xx_hal.c.obj
                0x2000002c                uwTickFreq
 *fill*         0x2000002d        0x3 
 .data.uwTickPrio
                0x20000030        0x4 CMakeFiles/MY_FOC_2.elf.dir/Drivers/STM32F1xx_HAL_Driver/Src/stm32f1xx_hal.c.obj
                0x20000030                uwTickPrio
 .data._impure_ptr
                0x20000034        0x4 d:/gnu_arm/bin/../lib/gcc/arm-none-eabi/10.3.1/../../../../arm-none-eabi/lib/thumb/v7-m/nofp\libg.a(lib_a-impure.o)
                0x20000034                _impure_ptr
 .data.impure_data
                0x20000038      0x428 d:/gnu_arm/bin/../lib/gcc/arm-none-eabi/10.3.1/../../../../arm-none-eabi/lib/thumb/v7-m/nofp\libg.a(lib_a-impure.o)
 .data.__atexit_recursive_mutex
                0x20000460        0x4 d:/gnu_arm/bin/../lib/gcc/arm-none-eabi/10.3.1/../../../../arm-none-eabi/lib/thumb/v7-m/nofp\libg.a(lib_a-__call_atexit.o)
                0x20000460                __atexit_recursive_mutex
 .data.__malloc_av_
                0x20000464      0x408 d:/gnu_arm/bin/../lib/gcc/arm-none-eabi/10.3.1/../../../../arm-none-eabi/lib/thumb/v7-m/nofp\libg.a(lib_a-mallocr.o)
                0x20000464                __malloc_av_
 .data.__malloc_sbrk_base
                0x2000086c        0x4 d:/gnu_arm/bin/../lib/gcc/arm-none-eabi/10.3.1/../../../../arm-none-eabi/lib/thumb/v7-m/nofp\libg.a(lib_a-mallocr.o)
                0x2000086c                __malloc_sbrk_base
 .data.__malloc_trim_threshold
                0x20000870        0x4 d:/gnu_arm/bin/../lib/gcc/arm-none-eabi/10.3.1/../../../../arm-none-eabi/lib/thumb/v7-m/nofp\libg.a(lib_a-mallocr.o)
                0x20000870                __malloc_trim_threshold
 *(.RamFunc)
 *(.RamFunc*)
                0x20000874                . = ALIGN (0x4)
                0x20000874                _edata = .

.igot.plt       0x20000874        0x0 load address 0x08006f20
 .igot.plt      0x20000874        0x0 d:/gnu_arm/bin/../lib/gcc/arm-none-eabi/10.3.1/thumb/v7-m/nofp/crtbegin.o
                0x20000874                . = ALIGN (0x4)

.bss            0x20000874      0x340 load address 0x08006f20
                0x20000874                _sbss = .
                0x20000874                __bss_start__ = _sbss
 *(.bss)
 .bss           0x20000874       0x1c d:/gnu_arm/bin/../lib/gcc/arm-none-eabi/10.3.1/thumb/v7-m/nofp/crtbegin.o
 *(.bss*)
 .bss.hadc1     0x20000890       0x30 CMakeFiles/MY_FOC_2.elf.dir/Core/Src/adc.c.obj
                0x20000890                hadc1
 .bss.hdma_adc1
                0x200008c0       0x44 CMakeFiles/MY_FOC_2.elf.dir/Core/Src/adc.c.obj
                0x200008c0                hdma_adc1
 .bss.Buffer    0x20000904        0x1 CMakeFiles/MY_FOC_2.elf.dir/Core/Src/main.c.obj
                0x20000904                Buffer
 *fill*         0x20000905        0x3 
 .bss.motor_a   0x20000908       0xe4 CMakeFiles/MY_FOC_2.elf.dir/Core/Src/main.c.obj
                0x20000908                motor_a
 .bss.sendTX    0x200009ec       0x24 CMakeFiles/MY_FOC_2.elf.dir/Core/Src/main.c.obj
                0x200009ec                sendTX
 .bss.hspi1     0x20000a10       0x58 CMakeFiles/MY_FOC_2.elf.dir/Core/Src/spi.c.obj
                0x20000a10                hspi1
 .bss.__sbrk_heap_end
                0x20000a68        0x4 CMakeFiles/MY_FOC_2.elf.dir/Core/Src/sysmem.c.obj
 .bss.htim1     0x20000a6c       0x48 CMakeFiles/MY_FOC_2.elf.dir/Core/Src/tim.c.obj
                0x20000a6c                htim1
 .bss.hdma_usart3_tx
                0x20000ab4       0x44 CMakeFiles/MY_FOC_2.elf.dir/Core/Src/usart.c.obj
                0x20000ab4                hdma_usart3_tx
 .bss.huart3    0x20000af8       0x44 CMakeFiles/MY_FOC_2.elf.dir/Core/Src/usart.c.obj
                0x20000af8                huart3
 .bss.uwTick    0x20000b3c        0x4 CMakeFiles/MY_FOC_2.elf.dir/Drivers/STM32F1xx_HAL_Driver/Src/stm32f1xx_hal.c.obj
                0x20000b3c                uwTick
 .bss.i.1       0x20000b40        0x4 CMakeFiles/MY_FOC_2.elf.dir/FOC_Ctrl/User_APP/User_APP.c.obj
 .bss.iqPID_Last_out.0
                0x20000b44        0x4 CMakeFiles/MY_FOC_2.elf.dir/FOC_Ctrl/User_APP/User_APP.c.obj
 .bss.angle.1   0x20000b48        0x4 CMakeFiles/MY_FOC_2.elf.dir/HARDWARE/AS5047P/as5047p.c.obj
 .bss.angle_el.0
                0x20000b4c        0x4 CMakeFiles/MY_FOC_2.elf.dir/HARDWARE/AS5047P/as5047p.c.obj
 .bss.data.2    0x20000b50        0x4 CMakeFiles/MY_FOC_2.elf.dir/HARDWARE/AS5047P/as5047p.c.obj
 .bss.last_mangle.4
                0x20000b54        0x4 CMakeFiles/MY_FOC_2.elf.dir/HARDWARE/AS5047P/as5047p.c.obj
 .bss.last_speed.3
                0x20000b58        0x4 CMakeFiles/MY_FOC_2.elf.dir/HARDWARE/AS5047P/as5047p.c.obj
 .bss.mangle.5  0x20000b5c        0x4 CMakeFiles/MY_FOC_2.elf.dir/HARDWARE/AS5047P/as5047p.c.obj
 .bss.ADC_Value
                0x20000b60        0x4 CMakeFiles/MY_FOC_2.elf.dir/HARDWARE/Motor_ADC/Motor_ADC.c.obj
                0x20000b60                ADC_Value
 .bss.adcValue  0x20000b64        0x4 CMakeFiles/MY_FOC_2.elf.dir/HARDWARE/Motor_ADC/Motor_ADC.c.obj
                0x20000b64                adcValue
 .bss.gHuart    0x20000b68        0x4 CMakeFiles/MY_FOC_2.elf.dir/HARDWARE/retarget/retarget.c.obj
                0x20000b68                gHuart
 .bss.__lock___atexit_recursive_mutex
                0x20000b6c        0x1 d:/gnu_arm/bin/../lib/gcc/arm-none-eabi/10.3.1/../../../../arm-none-eabi/lib/thumb/v7-m/nofp\libg.a(lib_a-lock.o)
                0x20000b6c                __lock___atexit_recursive_mutex
 *fill*         0x20000b6d        0x3 
 .bss.__lock___malloc_recursive_mutex
                0x20000b70        0x1 d:/gnu_arm/bin/../lib/gcc/arm-none-eabi/10.3.1/../../../../arm-none-eabi/lib/thumb/v7-m/nofp\libg.a(lib_a-lock.o)
                0x20000b70                __lock___malloc_recursive_mutex
 *fill*         0x20000b71        0x3 
 .bss.__lock___sfp_recursive_mutex
                0x20000b74        0x1 d:/gnu_arm/bin/../lib/gcc/arm-none-eabi/10.3.1/../../../../arm-none-eabi/lib/thumb/v7-m/nofp\libg.a(lib_a-lock.o)
                0x20000b74                __lock___sfp_recursive_mutex
 *fill*         0x20000b75        0x3 
 .bss.__lock___sinit_recursive_mutex
                0x20000b78        0x1 d:/gnu_arm/bin/../lib/gcc/arm-none-eabi/10.3.1/../../../../arm-none-eabi/lib/thumb/v7-m/nofp\libg.a(lib_a-lock.o)
                0x20000b78                __lock___sinit_recursive_mutex
 *fill*         0x20000b79        0x3 
 .bss.__malloc_current_mallinfo
                0x20000b7c       0x28 d:/gnu_arm/bin/../lib/gcc/arm-none-eabi/10.3.1/../../../../arm-none-eabi/lib/thumb/v7-m/nofp\libg.a(lib_a-mallocr.o)
                0x20000b7c                __malloc_current_mallinfo
 .bss.__malloc_max_sbrked_mem
                0x20000ba4        0x4 d:/gnu_arm/bin/../lib/gcc/arm-none-eabi/10.3.1/../../../../arm-none-eabi/lib/thumb/v7-m/nofp\libg.a(lib_a-mallocr.o)
                0x20000ba4                __malloc_max_sbrked_mem
 .bss.__malloc_max_total_mem
                0x20000ba8        0x4 d:/gnu_arm/bin/../lib/gcc/arm-none-eabi/10.3.1/../../../../arm-none-eabi/lib/thumb/v7-m/nofp\libg.a(lib_a-mallocr.o)
                0x20000ba8                __malloc_max_total_mem
 .bss.__malloc_top_pad
                0x20000bac        0x4 d:/gnu_arm/bin/../lib/gcc/arm-none-eabi/10.3.1/../../../../arm-none-eabi/lib/thumb/v7-m/nofp\libg.a(lib_a-mallocr.o)
                0x20000bac                __malloc_top_pad
 .bss.errno     0x20000bb0        0x4 d:/gnu_arm/bin/../lib/gcc/arm-none-eabi/10.3.1/../../../../arm-none-eabi/lib/thumb/v7-m/nofp\libg.a(lib_a-reent.o)
                0x20000bb0                errno
 *(COMMON)
                0x20000bb4                . = ALIGN (0x4)
                0x20000bb4                _ebss = .
                0x20000bb4                __bss_end__ = _ebss

._user_heap_stack
                0x20000bb4      0x604 load address 0x08006f20
                0x20000bb8                . = ALIGN (0x8)
 *fill*         0x20000bb4        0x4 
                [!provide]                PROVIDE (end = .)
                0x20000bb8                PROVIDE (_end = .)
                0x20000db8                . = (. + _Min_Heap_Size)
 *fill*         0x20000bb8      0x200 
                0x200011b8                . = (. + _Min_Stack_Size)
 *fill*         0x20000db8      0x400 
                0x200011b8                . = ALIGN (0x8)

/DISCARD/
 libc.a(*)
 libm.a(*)
 libgcc.a(*)

.ARM.attributes
                0x00000000       0x2b
 *(.ARM.attributes)
 .ARM.attributes
                0x00000000       0x1d d:/gnu_arm/bin/../lib/gcc/arm-none-eabi/10.3.1/thumb/v7-m/nofp/crti.o
 .ARM.attributes
                0x0000001d       0x2d d:/gnu_arm/bin/../lib/gcc/arm-none-eabi/10.3.1/thumb/v7-m/nofp/crtbegin.o
 .ARM.attributes
                0x0000004a       0x2d CMakeFiles/MY_FOC_2.elf.dir/Core/Src/adc.c.obj
 .ARM.attributes
                0x00000077       0x2d CMakeFiles/MY_FOC_2.elf.dir/Core/Src/dma.c.obj
 .ARM.attributes
                0x000000a4       0x2d CMakeFiles/MY_FOC_2.elf.dir/Core/Src/gpio.c.obj
 .ARM.attributes
                0x000000d1       0x2d CMakeFiles/MY_FOC_2.elf.dir/Core/Src/main.c.obj
 .ARM.attributes
                0x000000fe       0x2d CMakeFiles/MY_FOC_2.elf.dir/Core/Src/spi.c.obj
 .ARM.attributes
                0x0000012b       0x2d CMakeFiles/MY_FOC_2.elf.dir/Core/Src/stm32f1xx_hal_msp.c.obj
 .ARM.attributes
                0x00000158       0x2d CMakeFiles/MY_FOC_2.elf.dir/Core/Src/stm32f1xx_it.c.obj
 .ARM.attributes
                0x00000185       0x2d CMakeFiles/MY_FOC_2.elf.dir/Core/Src/sysmem.c.obj
 .ARM.attributes
                0x000001b2       0x2d CMakeFiles/MY_FOC_2.elf.dir/Core/Src/system_stm32f1xx.c.obj
 .ARM.attributes
                0x000001df       0x2d CMakeFiles/MY_FOC_2.elf.dir/Core/Src/tim.c.obj
 .ARM.attributes
                0x0000020c       0x2d CMakeFiles/MY_FOC_2.elf.dir/Core/Src/usart.c.obj
 .ARM.attributes
                0x00000239       0x21 CMakeFiles/MY_FOC_2.elf.dir/Core/Startup/startup_stm32f103c8tx.s.obj
 .ARM.attributes
                0x0000025a       0x2d CMakeFiles/MY_FOC_2.elf.dir/Drivers/STM32F1xx_HAL_Driver/Src/stm32f1xx_hal.c.obj
 .ARM.attributes
                0x00000287       0x2d CMakeFiles/MY_FOC_2.elf.dir/Drivers/STM32F1xx_HAL_Driver/Src/stm32f1xx_hal_adc.c.obj
 .ARM.attributes
                0x000002b4       0x2d CMakeFiles/MY_FOC_2.elf.dir/Drivers/STM32F1xx_HAL_Driver/Src/stm32f1xx_hal_adc_ex.c.obj
 .ARM.attributes
                0x000002e1       0x2d CMakeFiles/MY_FOC_2.elf.dir/Drivers/STM32F1xx_HAL_Driver/Src/stm32f1xx_hal_cortex.c.obj
 .ARM.attributes
                0x0000030e       0x2d CMakeFiles/MY_FOC_2.elf.dir/Drivers/STM32F1xx_HAL_Driver/Src/stm32f1xx_hal_dma.c.obj
 .ARM.attributes
                0x0000033b       0x2d CMakeFiles/MY_FOC_2.elf.dir/Drivers/STM32F1xx_HAL_Driver/Src/stm32f1xx_hal_gpio.c.obj
 .ARM.attributes
                0x00000368       0x2d CMakeFiles/MY_FOC_2.elf.dir/Drivers/STM32F1xx_HAL_Driver/Src/stm32f1xx_hal_rcc.c.obj
 .ARM.attributes
                0x00000395       0x2d CMakeFiles/MY_FOC_2.elf.dir/Drivers/STM32F1xx_HAL_Driver/Src/stm32f1xx_hal_rcc_ex.c.obj
 .ARM.attributes
                0x000003c2       0x2d CMakeFiles/MY_FOC_2.elf.dir/Drivers/STM32F1xx_HAL_Driver/Src/stm32f1xx_hal_spi.c.obj
 .ARM.attributes
                0x000003ef       0x2d CMakeFiles/MY_FOC_2.elf.dir/Drivers/STM32F1xx_HAL_Driver/Src/stm32f1xx_hal_tim.c.obj
 .ARM.attributes
                0x0000041c       0x2d CMakeFiles/MY_FOC_2.elf.dir/Drivers/STM32F1xx_HAL_Driver/Src/stm32f1xx_hal_tim_ex.c.obj
 .ARM.attributes
                0x00000449       0x2d CMakeFiles/MY_FOC_2.elf.dir/Drivers/STM32F1xx_HAL_Driver/Src/stm32f1xx_hal_uart.c.obj
 .ARM.attributes
                0x00000476       0x2d CMakeFiles/MY_FOC_2.elf.dir/FOC_Ctrl/BLDC_MOTOR/BLDC_MOTOR.c.obj
 .ARM.attributes
                0x000004a3       0x2d CMakeFiles/MY_FOC_2.elf.dir/FOC_Ctrl/FOC_Math/FOC_Math.c.obj
 .ARM.attributes
                0x000004d0       0x2d CMakeFiles/MY_FOC_2.elf.dir/FOC_Ctrl/User_APP/User_APP.c.obj
 .ARM.attributes
                0x000004fd       0x2d CMakeFiles/MY_FOC_2.elf.dir/HARDWARE/AS5047P/as5047p.c.obj
 .ARM.attributes
                0x0000052a       0x2d CMakeFiles/MY_FOC_2.elf.dir/HARDWARE/Motor_ADC/Motor_ADC.c.obj
 .ARM.attributes
                0x00000557       0x2d CMakeFiles/MY_FOC_2.elf.dir/HARDWARE/retarget/retarget.c.obj
 .ARM.attributes
                0x00000584       0x3e C:\Users\WhiteKite2020\Downloads\MY_FOC_Driver-main\MY_FOC_Driver-main\Software\MY_FOC_2\Lib\IQmathLib-cm3.lib(IQNcos.o)
 .ARM.attributes
                0x000005c2       0x3e C:\Users\WhiteKite2020\Downloads\MY_FOC_Driver-main\MY_FOC_Driver-main\Software\MY_FOC_2\Lib\IQmathLib-cm3.lib(IQNdiv.o)
 .ARM.attributes
                0x00000600       0x3e C:\Users\WhiteKite2020\Downloads\MY_FOC_Driver-main\MY_FOC_Driver-main\Software\MY_FOC_2\Lib\IQmathLib-cm3.lib(IQNmpy.o)
 .ARM.attributes
                0x0000063e       0x3e C:\Users\WhiteKite2020\Downloads\MY_FOC_Driver-main\MY_FOC_Driver-main\Software\MY_FOC_2\Lib\IQmathLib-cm3.lib(IQNsin.o)
 .ARM.attributes
                0x0000067c       0x3e C:\Users\WhiteKite2020\Downloads\MY_FOC_Driver-main\MY_FOC_Driver-main\Software\MY_FOC_2\Lib\IQmathLib-cm3.lib(IQNtoF.o)
 .ARM.attributes
                0x000006ba       0x3e C:\Users\WhiteKite2020\Downloads\MY_FOC_Driver-main\MY_FOC_Driver-main\Software\MY_FOC_2\Lib\IQmathLib-cm3.lib(IQtables.o)
 .ARM.attributes
                0x000006f8       0x1d d:/gnu_arm/bin/../lib/gcc/arm-none-eabi/10.3.1/thumb/v7-m/nofp\libgcc.a(_arm_addsubdf3.o)
 .ARM.attributes
                0x00000715       0x1d d:/gnu_arm/bin/../lib/gcc/arm-none-eabi/10.3.1/thumb/v7-m/nofp\libgcc.a(_arm_cmpdf2.o)
 .ARM.attributes
                0x00000732       0x1d d:/gnu_arm/bin/../lib/gcc/arm-none-eabi/10.3.1/thumb/v7-m/nofp\libgcc.a(_arm_addsubsf3.o)
 .ARM.attributes
                0x0000074f       0x1d d:/gnu_arm/bin/../lib/gcc/arm-none-eabi/10.3.1/thumb/v7-m/nofp\libgcc.a(_arm_muldivsf3.o)
 .ARM.attributes
                0x0000076c       0x1d d:/gnu_arm/bin/../lib/gcc/arm-none-eabi/10.3.1/thumb/v7-m/nofp\libgcc.a(_arm_cmpsf2.o)
 .ARM.attributes
                0x00000789       0x1d d:/gnu_arm/bin/../lib/gcc/arm-none-eabi/10.3.1/thumb/v7-m/nofp\libgcc.a(_arm_fixsfsi.o)
 .ARM.attributes
                0x000007a6       0x2d d:/gnu_arm/bin/../lib/gcc/arm-none-eabi/10.3.1/../../../../arm-none-eabi/lib/thumb/v7-m/nofp\libg.a(lib_a-errno.o)
 .ARM.attributes
                0x000007d3       0x2d d:/gnu_arm/bin/../lib/gcc/arm-none-eabi/10.3.1/../../../../arm-none-eabi/lib/thumb/v7-m/nofp\libg.a(lib_a-impure.o)
 .ARM.attributes
                0x00000800       0x2d d:/gnu_arm/bin/../lib/gcc/arm-none-eabi/10.3.1/../../../../arm-none-eabi/lib/thumb/v7-m/nofp\libg.a(lib_a-init.o)
 .ARM.attributes
                0x0000082d       0x2d d:/gnu_arm/bin/../lib/gcc/arm-none-eabi/10.3.1/../../../../arm-none-eabi/lib/thumb/v7-m/nofp\libg.a(lib_a-memset.o)
 .ARM.attributes
                0x0000085a       0x2d d:/gnu_arm/bin/../lib/gcc/arm-none-eabi/10.3.1/../../../../arm-none-eabi/lib/thumb/v7-m/nofp\libg.a(lib_a-setvbuf.o)
 .ARM.attributes
                0x00000887       0x2d d:/gnu_arm/bin/../lib/gcc/arm-none-eabi/10.3.1/../../../../arm-none-eabi/lib/thumb/v7-m/nofp\libg.a(lib_a-__call_atexit.o)
 .ARM.attributes
                0x000008b4       0x2d d:/gnu_arm/bin/../lib/gcc/arm-none-eabi/10.3.1/../../../../arm-none-eabi/lib/thumb/v7-m/nofp\libg.a(lib_a-atexit.o)
 .ARM.attributes
                0x000008e1       0x2d d:/gnu_arm/bin/../lib/gcc/arm-none-eabi/10.3.1/../../../../arm-none-eabi/lib/thumb/v7-m/nofp\libg.a(lib_a-fflush.o)
 .ARM.attributes
                0x0000090e       0x2d d:/gnu_arm/bin/../lib/gcc/arm-none-eabi/10.3.1/../../../../arm-none-eabi/lib/thumb/v7-m/nofp\libg.a(lib_a-findfp.o)
 .ARM.attributes
                0x0000093b       0x2d d:/gnu_arm/bin/../lib/gcc/arm-none-eabi/10.3.1/../../../../arm-none-eabi/lib/thumb/v7-m/nofp\libg.a(lib_a-fini.o)
 .ARM.attributes
                0x00000968       0x2d d:/gnu_arm/bin/../lib/gcc/arm-none-eabi/10.3.1/../../../../arm-none-eabi/lib/thumb/v7-m/nofp\libg.a(lib_a-freer.o)
 .ARM.attributes
                0x00000995       0x2d d:/gnu_arm/bin/../lib/gcc/arm-none-eabi/10.3.1/../../../../arm-none-eabi/lib/thumb/v7-m/nofp\libg.a(lib_a-fwalk.o)
 .ARM.attributes
                0x000009c2       0x2d d:/gnu_arm/bin/../lib/gcc/arm-none-eabi/10.3.1/../../../../arm-none-eabi/lib/thumb/v7-m/nofp\libg.a(lib_a-lock.o)
 .ARM.attributes
                0x000009ef       0x2d d:/gnu_arm/bin/../lib/gcc/arm-none-eabi/10.3.1/../../../../arm-none-eabi/lib/thumb/v7-m/nofp\libg.a(lib_a-makebuf.o)
 .ARM.attributes
                0x00000a1c       0x2d d:/gnu_arm/bin/../lib/gcc/arm-none-eabi/10.3.1/../../../../arm-none-eabi/lib/thumb/v7-m/nofp\libg.a(lib_a-malloc.o)
 .ARM.attributes
                0x00000a49       0x2d d:/gnu_arm/bin/../lib/gcc/arm-none-eabi/10.3.1/../../../../arm-none-eabi/lib/thumb/v7-m/nofp\libg.a(lib_a-mallocr.o)
 .ARM.attributes
                0x00000a76       0x2d d:/gnu_arm/bin/../lib/gcc/arm-none-eabi/10.3.1/../../../../arm-none-eabi/lib/thumb/v7-m/nofp\libg.a(lib_a-mlock.o)
 .ARM.attributes
                0x00000aa3       0x2d d:/gnu_arm/bin/../lib/gcc/arm-none-eabi/10.3.1/../../../../arm-none-eabi/lib/thumb/v7-m/nofp\libg.a(lib_a-sbrkr.o)
 .ARM.attributes
                0x00000ad0       0x2d d:/gnu_arm/bin/../lib/gcc/arm-none-eabi/10.3.1/../../../../arm-none-eabi/lib/thumb/v7-m/nofp\libg.a(lib_a-stdio.o)
 .ARM.attributes
                0x00000afd       0x2d d:/gnu_arm/bin/../lib/gcc/arm-none-eabi/10.3.1/../../../../arm-none-eabi/lib/thumb/v7-m/nofp\libg.a(lib_a-writer.o)
 .ARM.attributes
                0x00000b2a       0x2d d:/gnu_arm/bin/../lib/gcc/arm-none-eabi/10.3.1/../../../../arm-none-eabi/lib/thumb/v7-m/nofp\libg.a(lib_a-__atexit.o)
 .ARM.attributes
                0x00000b57       0x2d d:/gnu_arm/bin/../lib/gcc/arm-none-eabi/10.3.1/../../../../arm-none-eabi/lib/thumb/v7-m/nofp\libg.a(lib_a-closer.o)
 .ARM.attributes
                0x00000b84       0x2d d:/gnu_arm/bin/../lib/gcc/arm-none-eabi/10.3.1/../../../../arm-none-eabi/lib/thumb/v7-m/nofp\libg.a(lib_a-fclose.o)
 .ARM.attributes
                0x00000bb1       0x2d d:/gnu_arm/bin/../lib/gcc/arm-none-eabi/10.3.1/../../../../arm-none-eabi/lib/thumb/v7-m/nofp\libg.a(lib_a-fstatr.o)
 .ARM.attributes
                0x00000bde       0x2d d:/gnu_arm/bin/../lib/gcc/arm-none-eabi/10.3.1/../../../../arm-none-eabi/lib/thumb/v7-m/nofp\libg.a(lib_a-lseekr.o)
 .ARM.attributes
                0x00000c0b       0x2d d:/gnu_arm/bin/../lib/gcc/arm-none-eabi/10.3.1/../../../../arm-none-eabi/lib/thumb/v7-m/nofp\libg.a(lib_a-readr.o)
 .ARM.attributes
                0x00000c38       0x2d d:/gnu_arm/bin/../lib/gcc/arm-none-eabi/10.3.1/../../../../arm-none-eabi/lib/thumb/v7-m/nofp\libg.a(lib_a-reent.o)
 .ARM.attributes
                0x00000c65       0x1d d:/gnu_arm/bin/../lib/gcc/arm-none-eabi/10.3.1/thumb/v7-m/nofp/crtn.o
OUTPUT(MY_FOC_2.elf elf32-littlearm)
LOAD linker stubs
LOAD d:/gnu_arm/bin/../lib/gcc/arm-none-eabi/10.3.1/../../../../arm-none-eabi/lib/thumb/v7-m/nofp\libc.a
LOAD d:/gnu_arm/bin/../lib/gcc/arm-none-eabi/10.3.1/../../../../arm-none-eabi/lib/thumb/v7-m/nofp\libm.a
LOAD d:/gnu_arm/bin/../lib/gcc/arm-none-eabi/10.3.1/thumb/v7-m/nofp\libgcc.a

.debug_info     0x00000000    0x1bcb0
 .debug_info    0x00000000      0x8de CMakeFiles/MY_FOC_2.elf.dir/Core/Src/adc.c.obj
 .debug_info    0x000008de      0x324 CMakeFiles/MY_FOC_2.elf.dir/Core/Src/dma.c.obj
 .debug_info    0x00000c02      0x369 CMakeFiles/MY_FOC_2.elf.dir/Core/Src/gpio.c.obj
 .debug_info    0x00000f6b     0x101a CMakeFiles/MY_FOC_2.elf.dir/Core/Src/main.c.obj
 .debug_info    0x00001f85      0x86e CMakeFiles/MY_FOC_2.elf.dir/Core/Src/spi.c.obj
 .debug_info    0x000027f3      0x211 CMakeFiles/MY_FOC_2.elf.dir/Core/Src/stm32f1xx_hal_msp.c.obj
 .debug_info    0x00002a04      0x683 CMakeFiles/MY_FOC_2.elf.dir/Core/Src/stm32f1xx_it.c.obj
 .debug_info    0x00003087      0x174 CMakeFiles/MY_FOC_2.elf.dir/Core/Src/sysmem.c.obj
 .debug_info    0x000031fb      0x248 CMakeFiles/MY_FOC_2.elf.dir/Core/Src/system_stm32f1xx.c.obj
 .debug_info    0x00003443      0xc40 CMakeFiles/MY_FOC_2.elf.dir/Core/Src/tim.c.obj
 .debug_info    0x00004083      0xa36 CMakeFiles/MY_FOC_2.elf.dir/Core/Src/usart.c.obj
 .debug_info    0x00004ab9       0x22 CMakeFiles/MY_FOC_2.elf.dir/Core/Startup/startup_stm32f103c8tx.s.obj
 .debug_info    0x00004adb      0x7a8 CMakeFiles/MY_FOC_2.elf.dir/Drivers/STM32F1xx_HAL_Driver/Src/stm32f1xx_hal.c.obj
 .debug_info    0x00005283      0xf10 CMakeFiles/MY_FOC_2.elf.dir/Drivers/STM32F1xx_HAL_Driver/Src/stm32f1xx_hal_adc.c.obj
 .debug_info    0x00006193      0xc3b CMakeFiles/MY_FOC_2.elf.dir/Drivers/STM32F1xx_HAL_Driver/Src/stm32f1xx_hal_adc_ex.c.obj
 .debug_info    0x00006dce      0xd8a CMakeFiles/MY_FOC_2.elf.dir/Drivers/STM32F1xx_HAL_Driver/Src/stm32f1xx_hal_cortex.c.obj
 .debug_info    0x00007b58      0x846 CMakeFiles/MY_FOC_2.elf.dir/Drivers/STM32F1xx_HAL_Driver/Src/stm32f1xx_hal_dma.c.obj
 .debug_info    0x0000839e      0x66f CMakeFiles/MY_FOC_2.elf.dir/Drivers/STM32F1xx_HAL_Driver/Src/stm32f1xx_hal_gpio.c.obj
 .debug_info    0x00008a0d      0xa36 CMakeFiles/MY_FOC_2.elf.dir/Drivers/STM32F1xx_HAL_Driver/Src/stm32f1xx_hal_rcc.c.obj
 .debug_info    0x00009443      0x443 CMakeFiles/MY_FOC_2.elf.dir/Drivers/STM32F1xx_HAL_Driver/Src/stm32f1xx_hal_rcc_ex.c.obj
 .debug_info    0x00009886     0x1d70 CMakeFiles/MY_FOC_2.elf.dir/Drivers/STM32F1xx_HAL_Driver/Src/stm32f1xx_hal_spi.c.obj
 .debug_info    0x0000b5f6     0x3b00 CMakeFiles/MY_FOC_2.elf.dir/Drivers/STM32F1xx_HAL_Driver/Src/stm32f1xx_hal_tim.c.obj
 .debug_info    0x0000f0f6     0x19e9 CMakeFiles/MY_FOC_2.elf.dir/Drivers/STM32F1xx_HAL_Driver/Src/stm32f1xx_hal_tim_ex.c.obj
 .debug_info    0x00010adf     0x1c8b CMakeFiles/MY_FOC_2.elf.dir/Drivers/STM32F1xx_HAL_Driver/Src/stm32f1xx_hal_uart.c.obj
 .debug_info    0x0001276a     0x106b CMakeFiles/MY_FOC_2.elf.dir/FOC_Ctrl/BLDC_MOTOR/BLDC_MOTOR.c.obj
 .debug_info    0x000137d5      0xa9f CMakeFiles/MY_FOC_2.elf.dir/FOC_Ctrl/FOC_Math/FOC_Math.c.obj
 .debug_info    0x00014274      0x5ee CMakeFiles/MY_FOC_2.elf.dir/FOC_Ctrl/User_APP/User_APP.c.obj
 .debug_info    0x00014862      0xbe0 CMakeFiles/MY_FOC_2.elf.dir/HARDWARE/AS5047P/as5047p.c.obj
 .debug_info    0x00015442      0x8af CMakeFiles/MY_FOC_2.elf.dir/HARDWARE/Motor_ADC/Motor_ADC.c.obj
 .debug_info    0x00015cf1     0x12a7 CMakeFiles/MY_FOC_2.elf.dir/HARDWARE/retarget/retarget.c.obj
 .debug_info    0x00016f98       0x80 C:\Users\WhiteKite2020\Downloads\MY_FOC_Driver-main\MY_FOC_Driver-main\Software\MY_FOC_2\Lib\IQmathLib-cm3.lib(IQNcos.o)
 .debug_info    0x00017018       0x80 C:\Users\WhiteKite2020\Downloads\MY_FOC_Driver-main\MY_FOC_Driver-main\Software\MY_FOC_2\Lib\IQmathLib-cm3.lib(IQNcos.o)
 .debug_info    0x00017098       0x80 C:\Users\WhiteKite2020\Downloads\MY_FOC_Driver-main\MY_FOC_Driver-main\Software\MY_FOC_2\Lib\IQmathLib-cm3.lib(IQNcos.o)
 .debug_info    0x00017118       0x80 C:\Users\WhiteKite2020\Downloads\MY_FOC_Driver-main\MY_FOC_Driver-main\Software\MY_FOC_2\Lib\IQmathLib-cm3.lib(IQNcos.o)
 .debug_info    0x00017198       0x80 C:\Users\WhiteKite2020\Downloads\MY_FOC_Driver-main\MY_FOC_Driver-main\Software\MY_FOC_2\Lib\IQmathLib-cm3.lib(IQNcos.o)
 .debug_info    0x00017218       0x80 C:\Users\WhiteKite2020\Downloads\MY_FOC_Driver-main\MY_FOC_Driver-main\Software\MY_FOC_2\Lib\IQmathLib-cm3.lib(IQNcos.o)
 .debug_info    0x00017298       0x80 C:\Users\WhiteKite2020\Downloads\MY_FOC_Driver-main\MY_FOC_Driver-main\Software\MY_FOC_2\Lib\IQmathLib-cm3.lib(IQNcos.o)
 .debug_info    0x00017318       0x80 C:\Users\WhiteKite2020\Downloads\MY_FOC_Driver-main\MY_FOC_Driver-main\Software\MY_FOC_2\Lib\IQmathLib-cm3.lib(IQNcos.o)
 .debug_info    0x00017398       0x80 C:\Users\WhiteKite2020\Downloads\MY_FOC_Driver-main\MY_FOC_Driver-main\Software\MY_FOC_2\Lib\IQmathLib-cm3.lib(IQNcos.o)
 .debug_info    0x00017418       0x80 C:\Users\WhiteKite2020\Downloads\MY_FOC_Driver-main\MY_FOC_Driver-main\Software\MY_FOC_2\Lib\IQmathLib-cm3.lib(IQNcos.o)
 .debug_info    0x00017498       0x80 C:\Users\WhiteKite2020\Downloads\MY_FOC_Driver-main\MY_FOC_Driver-main\Software\MY_FOC_2\Lib\IQmathLib-cm3.lib(IQNcos.o)
 .debug_info    0x00017518       0x80 C:\Users\WhiteKite2020\Downloads\MY_FOC_Driver-main\MY_FOC_Driver-main\Software\MY_FOC_2\Lib\IQmathLib-cm3.lib(IQNcos.o)
 .debug_info    0x00017598       0x80 C:\Users\WhiteKite2020\Downloads\MY_FOC_Driver-main\MY_FOC_Driver-main\Software\MY_FOC_2\Lib\IQmathLib-cm3.lib(IQNcos.o)
 .debug_info    0x00017618       0x80 C:\Users\WhiteKite2020\Downloads\MY_FOC_Driver-main\MY_FOC_Driver-main\Software\MY_FOC_2\Lib\IQmathLib-cm3.lib(IQNcos.o)
 .debug_info    0x00017698       0x80 C:\Users\WhiteKite2020\Downloads\MY_FOC_Driver-main\MY_FOC_Driver-main\Software\MY_FOC_2\Lib\IQmathLib-cm3.lib(IQNcos.o)
 .debug_info    0x00017718       0x80 C:\Users\WhiteKite2020\Downloads\MY_FOC_Driver-main\MY_FOC_Driver-main\Software\MY_FOC_2\Lib\IQmathLib-cm3.lib(IQNcos.o)
 .debug_info    0x00017798       0x80 C:\Users\WhiteKite2020\Downloads\MY_FOC_Driver-main\MY_FOC_Driver-main\Software\MY_FOC_2\Lib\IQmathLib-cm3.lib(IQNcos.o)
 .debug_info    0x00017818       0x80 C:\Users\WhiteKite2020\Downloads\MY_FOC_Driver-main\MY_FOC_Driver-main\Software\MY_FOC_2\Lib\IQmathLib-cm3.lib(IQNcos.o)
 .debug_info    0x00017898       0x80 C:\Users\WhiteKite2020\Downloads\MY_FOC_Driver-main\MY_FOC_Driver-main\Software\MY_FOC_2\Lib\IQmathLib-cm3.lib(IQNcos.o)
 .debug_info    0x00017918       0x80 C:\Users\WhiteKite2020\Downloads\MY_FOC_Driver-main\MY_FOC_Driver-main\Software\MY_FOC_2\Lib\IQmathLib-cm3.lib(IQNcos.o)
 .debug_info    0x00017998       0x80 C:\Users\WhiteKite2020\Downloads\MY_FOC_Driver-main\MY_FOC_Driver-main\Software\MY_FOC_2\Lib\IQmathLib-cm3.lib(IQNcos.o)
 .debug_info    0x00017a18       0x80 C:\Users\WhiteKite2020\Downloads\MY_FOC_Driver-main\MY_FOC_Driver-main\Software\MY_FOC_2\Lib\IQmathLib-cm3.lib(IQNcos.o)
 .debug_info    0x00017a98       0x80 C:\Users\WhiteKite2020\Downloads\MY_FOC_Driver-main\MY_FOC_Driver-main\Software\MY_FOC_2\Lib\IQmathLib-cm3.lib(IQNcos.o)
 .debug_info    0x00017b18       0x80 C:\Users\WhiteKite2020\Downloads\MY_FOC_Driver-main\MY_FOC_Driver-main\Software\MY_FOC_2\Lib\IQmathLib-cm3.lib(IQNcos.o)
 .debug_info    0x00017b98       0x80 C:\Users\WhiteKite2020\Downloads\MY_FOC_Driver-main\MY_FOC_Driver-main\Software\MY_FOC_2\Lib\IQmathLib-cm3.lib(IQNcos.o)
 .debug_info    0x00017c18       0x80 C:\Users\WhiteKite2020\Downloads\MY_FOC_Driver-main\MY_FOC_Driver-main\Software\MY_FOC_2\Lib\IQmathLib-cm3.lib(IQNcos.o)
 .debug_info    0x00017c98       0x80 C:\Users\WhiteKite2020\Downloads\MY_FOC_Driver-main\MY_FOC_Driver-main\Software\MY_FOC_2\Lib\IQmathLib-cm3.lib(IQNcos.o)
 .debug_info    0x00017d18       0x80 C:\Users\WhiteKite2020\Downloads\MY_FOC_Driver-main\MY_FOC_Driver-main\Software\MY_FOC_2\Lib\IQmathLib-cm3.lib(IQNcos.o)
 .debug_info    0x00017d98       0x80 C:\Users\WhiteKite2020\Downloads\MY_FOC_Driver-main\MY_FOC_Driver-main\Software\MY_FOC_2\Lib\IQmathLib-cm3.lib(IQNcos.o)
 .debug_info    0x00017e18       0x80 C:\Users\WhiteKite2020\Downloads\MY_FOC_Driver-main\MY_FOC_Driver-main\Software\MY_FOC_2\Lib\IQmathLib-cm3.lib(IQNdiv.o)
 .debug_info    0x00017e98       0x80 C:\Users\WhiteKite2020\Downloads\MY_FOC_Driver-main\MY_FOC_Driver-main\Software\MY_FOC_2\Lib\IQmathLib-cm3.lib(IQNdiv.o)
 .debug_info    0x00017f18       0x80 C:\Users\WhiteKite2020\Downloads\MY_FOC_Driver-main\MY_FOC_Driver-main\Software\MY_FOC_2\Lib\IQmathLib-cm3.lib(IQNdiv.o)
 .debug_info    0x00017f98       0x80 C:\Users\WhiteKite2020\Downloads\MY_FOC_Driver-main\MY_FOC_Driver-main\Software\MY_FOC_2\Lib\IQmathLib-cm3.lib(IQNdiv.o)
 .debug_info    0x00018018       0x80 C:\Users\WhiteKite2020\Downloads\MY_FOC_Driver-main\MY_FOC_Driver-main\Software\MY_FOC_2\Lib\IQmathLib-cm3.lib(IQNdiv.o)
 .debug_info    0x00018098       0x80 C:\Users\WhiteKite2020\Downloads\MY_FOC_Driver-main\MY_FOC_Driver-main\Software\MY_FOC_2\Lib\IQmathLib-cm3.lib(IQNdiv.o)
 .debug_info    0x00018118       0x80 C:\Users\WhiteKite2020\Downloads\MY_FOC_Driver-main\MY_FOC_Driver-main\Software\MY_FOC_2\Lib\IQmathLib-cm3.lib(IQNdiv.o)
 .debug_info    0x00018198       0x80 C:\Users\WhiteKite2020\Downloads\MY_FOC_Driver-main\MY_FOC_Driver-main\Software\MY_FOC_2\Lib\IQmathLib-cm3.lib(IQNdiv.o)
 .debug_info    0x00018218       0x80 C:\Users\WhiteKite2020\Downloads\MY_FOC_Driver-main\MY_FOC_Driver-main\Software\MY_FOC_2\Lib\IQmathLib-cm3.lib(IQNdiv.o)
 .debug_info    0x00018298       0x80 C:\Users\WhiteKite2020\Downloads\MY_FOC_Driver-main\MY_FOC_Driver-main\Software\MY_FOC_2\Lib\IQmathLib-cm3.lib(IQNdiv.o)
 .debug_info    0x00018318       0x80 C:\Users\WhiteKite2020\Downloads\MY_FOC_Driver-main\MY_FOC_Driver-main\Software\MY_FOC_2\Lib\IQmathLib-cm3.lib(IQNdiv.o)
 .debug_info    0x00018398       0x80 C:\Users\WhiteKite2020\Downloads\MY_FOC_Driver-main\MY_FOC_Driver-main\Software\MY_FOC_2\Lib\IQmathLib-cm3.lib(IQNdiv.o)
 .debug_info    0x00018418       0x80 C:\Users\WhiteKite2020\Downloads\MY_FOC_Driver-main\MY_FOC_Driver-main\Software\MY_FOC_2\Lib\IQmathLib-cm3.lib(IQNdiv.o)
 .debug_info    0x00018498       0x80 C:\Users\WhiteKite2020\Downloads\MY_FOC_Driver-main\MY_FOC_Driver-main\Software\MY_FOC_2\Lib\IQmathLib-cm3.lib(IQNdiv.o)
 .debug_info    0x00018518       0x80 C:\Users\WhiteKite2020\Downloads\MY_FOC_Driver-main\MY_FOC_Driver-main\Software\MY_FOC_2\Lib\IQmathLib-cm3.lib(IQNdiv.o)
 .debug_info    0x00018598       0x80 C:\Users\WhiteKite2020\Downloads\MY_FOC_Driver-main\MY_FOC_Driver-main\Software\MY_FOC_2\Lib\IQmathLib-cm3.lib(IQNdiv.o)
 .debug_info    0x00018618       0x80 C:\Users\WhiteKite2020\Downloads\MY_FOC_Driver-main\MY_FOC_Driver-main\Software\MY_FOC_2\Lib\IQmathLib-cm3.lib(IQNdiv.o)
 .debug_info    0x00018698       0x80 C:\Users\WhiteKite2020\Downloads\MY_FOC_Driver-main\MY_FOC_Driver-main\Software\MY_FOC_2\Lib\IQmathLib-cm3.lib(IQNdiv.o)
 .debug_info    0x00018718       0x80 C:\Users\WhiteKite2020\Downloads\MY_FOC_Driver-main\MY_FOC_Driver-main\Software\MY_FOC_2\Lib\IQmathLib-cm3.lib(IQNdiv.o)
 .debug_info    0x00018798       0x80 C:\Users\WhiteKite2020\Downloads\MY_FOC_Driver-main\MY_FOC_Driver-main\Software\MY_FOC_2\Lib\IQmathLib-cm3.lib(IQNdiv.o)
 .debug_info    0x00018818       0x80 C:\Users\WhiteKite2020\Downloads\MY_FOC_Driver-main\MY_FOC_Driver-main\Software\MY_FOC_2\Lib\IQmathLib-cm3.lib(IQNdiv.o)
 .debug_info    0x00018898       0x80 C:\Users\WhiteKite2020\Downloads\MY_FOC_Driver-main\MY_FOC_Driver-main\Software\MY_FOC_2\Lib\IQmathLib-cm3.lib(IQNdiv.o)
 .debug_info    0x00018918       0x80 C:\Users\WhiteKite2020\Downloads\MY_FOC_Driver-main\MY_FOC_Driver-main\Software\MY_FOC_2\Lib\IQmathLib-cm3.lib(IQNdiv.o)
 .debug_info    0x00018998       0x80 C:\Users\WhiteKite2020\Downloads\MY_FOC_Driver-main\MY_FOC_Driver-main\Software\MY_FOC_2\Lib\IQmathLib-cm3.lib(IQNdiv.o)
 .debug_info    0x00018a18       0x80 C:\Users\WhiteKite2020\Downloads\MY_FOC_Driver-main\MY_FOC_Driver-main\Software\MY_FOC_2\Lib\IQmathLib-cm3.lib(IQNdiv.o)
 .debug_info    0x00018a98       0x80 C:\Users\WhiteKite2020\Downloads\MY_FOC_Driver-main\MY_FOC_Driver-main\Software\MY_FOC_2\Lib\IQmathLib-cm3.lib(IQNdiv.o)
 .debug_info    0x00018b18       0x80 C:\Users\WhiteKite2020\Downloads\MY_FOC_Driver-main\MY_FOC_Driver-main\Software\MY_FOC_2\Lib\IQmathLib-cm3.lib(IQNdiv.o)
 .debug_info    0x00018b98       0x80 C:\Users\WhiteKite2020\Downloads\MY_FOC_Driver-main\MY_FOC_Driver-main\Software\MY_FOC_2\Lib\IQmathLib-cm3.lib(IQNdiv.o)
 .debug_info    0x00018c18       0x80 C:\Users\WhiteKite2020\Downloads\MY_FOC_Driver-main\MY_FOC_Driver-main\Software\MY_FOC_2\Lib\IQmathLib-cm3.lib(IQNdiv.o)
 .debug_info    0x00018c98       0x80 C:\Users\WhiteKite2020\Downloads\MY_FOC_Driver-main\MY_FOC_Driver-main\Software\MY_FOC_2\Lib\IQmathLib-cm3.lib(IQNdiv.o)
 .debug_info    0x00018d18       0x80 C:\Users\WhiteKite2020\Downloads\MY_FOC_Driver-main\MY_FOC_Driver-main\Software\MY_FOC_2\Lib\IQmathLib-cm3.lib(IQNmpy.o)
 .debug_info    0x00018d98       0x80 C:\Users\WhiteKite2020\Downloads\MY_FOC_Driver-main\MY_FOC_Driver-main\Software\MY_FOC_2\Lib\IQmathLib-cm3.lib(IQNmpy.o)
 .debug_info    0x00018e18       0x80 C:\Users\WhiteKite2020\Downloads\MY_FOC_Driver-main\MY_FOC_Driver-main\Software\MY_FOC_2\Lib\IQmathLib-cm3.lib(IQNmpy.o)
 .debug_info    0x00018e98       0x80 C:\Users\WhiteKite2020\Downloads\MY_FOC_Driver-main\MY_FOC_Driver-main\Software\MY_FOC_2\Lib\IQmathLib-cm3.lib(IQNmpy.o)
 .debug_info    0x00018f18       0x80 C:\Users\WhiteKite2020\Downloads\MY_FOC_Driver-main\MY_FOC_Driver-main\Software\MY_FOC_2\Lib\IQmathLib-cm3.lib(IQNmpy.o)
 .debug_info    0x00018f98       0x80 C:\Users\WhiteKite2020\Downloads\MY_FOC_Driver-main\MY_FOC_Driver-main\Software\MY_FOC_2\Lib\IQmathLib-cm3.lib(IQNmpy.o)
 .debug_info    0x00019018       0x80 C:\Users\WhiteKite2020\Downloads\MY_FOC_Driver-main\MY_FOC_Driver-main\Software\MY_FOC_2\Lib\IQmathLib-cm3.lib(IQNmpy.o)
 .debug_info    0x00019098       0x80 C:\Users\WhiteKite2020\Downloads\MY_FOC_Driver-main\MY_FOC_Driver-main\Software\MY_FOC_2\Lib\IQmathLib-cm3.lib(IQNmpy.o)
 .debug_info    0x00019118       0x80 C:\Users\WhiteKite2020\Downloads\MY_FOC_Driver-main\MY_FOC_Driver-main\Software\MY_FOC_2\Lib\IQmathLib-cm3.lib(IQNmpy.o)
 .debug_info    0x00019198       0x80 C:\Users\WhiteKite2020\Downloads\MY_FOC_Driver-main\MY_FOC_Driver-main\Software\MY_FOC_2\Lib\IQmathLib-cm3.lib(IQNmpy.o)
 .debug_info    0x00019218       0x80 C:\Users\WhiteKite2020\Downloads\MY_FOC_Driver-main\MY_FOC_Driver-main\Software\MY_FOC_2\Lib\IQmathLib-cm3.lib(IQNmpy.o)
 .debug_info    0x00019298       0x80 C:\Users\WhiteKite2020\Downloads\MY_FOC_Driver-main\MY_FOC_Driver-main\Software\MY_FOC_2\Lib\IQmathLib-cm3.lib(IQNmpy.o)
 .debug_info    0x00019318       0x80 C:\Users\WhiteKite2020\Downloads\MY_FOC_Driver-main\MY_FOC_Driver-main\Software\MY_FOC_2\Lib\IQmathLib-cm3.lib(IQNmpy.o)
 .debug_info    0x00019398       0x80 C:\Users\WhiteKite2020\Downloads\MY_FOC_Driver-main\MY_FOC_Driver-main\Software\MY_FOC_2\Lib\IQmathLib-cm3.lib(IQNmpy.o)
 .debug_info    0x00019418       0x80 C:\Users\WhiteKite2020\Downloads\MY_FOC_Driver-main\MY_FOC_Driver-main\Software\MY_FOC_2\Lib\IQmathLib-cm3.lib(IQNmpy.o)
 .debug_info    0x00019498       0x80 C:\Users\WhiteKite2020\Downloads\MY_FOC_Driver-main\MY_FOC_Driver-main\Software\MY_FOC_2\Lib\IQmathLib-cm3.lib(IQNmpy.o)
 .debug_info    0x00019518       0x80 C:\Users\WhiteKite2020\Downloads\MY_FOC_Driver-main\MY_FOC_Driver-main\Software\MY_FOC_2\Lib\IQmathLib-cm3.lib(IQNmpy.o)
 .debug_info    0x00019598       0x80 C:\Users\WhiteKite2020\Downloads\MY_FOC_Driver-main\MY_FOC_Driver-main\Software\MY_FOC_2\Lib\IQmathLib-cm3.lib(IQNmpy.o)
 .debug_info    0x00019618       0x80 C:\Users\WhiteKite2020\Downloads\MY_FOC_Driver-main\MY_FOC_Driver-main\Software\MY_FOC_2\Lib\IQmathLib-cm3.lib(IQNmpy.o)
 .debug_info    0x00019698       0x80 C:\Users\WhiteKite2020\Downloads\MY_FOC_Driver-main\MY_FOC_Driver-main\Software\MY_FOC_2\Lib\IQmathLib-cm3.lib(IQNmpy.o)
 .debug_info    0x00019718       0x80 C:\Users\WhiteKite2020\Downloads\MY_FOC_Driver-main\MY_FOC_Driver-main\Software\MY_FOC_2\Lib\IQmathLib-cm3.lib(IQNmpy.o)
 .debug_info    0x00019798       0x80 C:\Users\WhiteKite2020\Downloads\MY_FOC_Driver-main\MY_FOC_Driver-main\Software\MY_FOC_2\Lib\IQmathLib-cm3.lib(IQNmpy.o)
 .debug_info    0x00019818       0x80 C:\Users\WhiteKite2020\Downloads\MY_FOC_Driver-main\MY_FOC_Driver-main\Software\MY_FOC_2\Lib\IQmathLib-cm3.lib(IQNmpy.o)
 .debug_info    0x00019898       0x80 C:\Users\WhiteKite2020\Downloads\MY_FOC_Driver-main\MY_FOC_Driver-main\Software\MY_FOC_2\Lib\IQmathLib-cm3.lib(IQNmpy.o)
 .debug_info    0x00019918       0x80 C:\Users\WhiteKite2020\Downloads\MY_FOC_Driver-main\MY_FOC_Driver-main\Software\MY_FOC_2\Lib\IQmathLib-cm3.lib(IQNmpy.o)
 .debug_info    0x00019998       0x80 C:\Users\WhiteKite2020\Downloads\MY_FOC_Driver-main\MY_FOC_Driver-main\Software\MY_FOC_2\Lib\IQmathLib-cm3.lib(IQNmpy.o)
 .debug_info    0x00019a18       0x80 C:\Users\WhiteKite2020\Downloads\MY_FOC_Driver-main\MY_FOC_Driver-main\Software\MY_FOC_2\Lib\IQmathLib-cm3.lib(IQNmpy.o)
 .debug_info    0x00019a98       0x80 C:\Users\WhiteKite2020\Downloads\MY_FOC_Driver-main\MY_FOC_Driver-main\Software\MY_FOC_2\Lib\IQmathLib-cm3.lib(IQNmpy.o)
 .debug_info    0x00019b18       0x80 C:\Users\WhiteKite2020\Downloads\MY_FOC_Driver-main\MY_FOC_Driver-main\Software\MY_FOC_2\Lib\IQmathLib-cm3.lib(IQNmpy.o)
 .debug_info    0x00019b98       0x80 C:\Users\WhiteKite2020\Downloads\MY_FOC_Driver-main\MY_FOC_Driver-main\Software\MY_FOC_2\Lib\IQmathLib-cm3.lib(IQNmpy.o)
 .debug_info    0x00019c18       0x80 C:\Users\WhiteKite2020\Downloads\MY_FOC_Driver-main\MY_FOC_Driver-main\Software\MY_FOC_2\Lib\IQmathLib-cm3.lib(IQNsin.o)
 .debug_info    0x00019c98       0x80 C:\Users\WhiteKite2020\Downloads\MY_FOC_Driver-main\MY_FOC_Driver-main\Software\MY_FOC_2\Lib\IQmathLib-cm3.lib(IQNsin.o)
 .debug_info    0x00019d18       0x80 C:\Users\WhiteKite2020\Downloads\MY_FOC_Driver-main\MY_FOC_Driver-main\Software\MY_FOC_2\Lib\IQmathLib-cm3.lib(IQNsin.o)
 .debug_info    0x00019d98       0x80 C:\Users\WhiteKite2020\Downloads\MY_FOC_Driver-main\MY_FOC_Driver-main\Software\MY_FOC_2\Lib\IQmathLib-cm3.lib(IQNsin.o)
 .debug_info    0x00019e18       0x80 C:\Users\WhiteKite2020\Downloads\MY_FOC_Driver-main\MY_FOC_Driver-main\Software\MY_FOC_2\Lib\IQmathLib-cm3.lib(IQNsin.o)
 .debug_info    0x00019e98       0x80 C:\Users\WhiteKite2020\Downloads\MY_FOC_Driver-main\MY_FOC_Driver-main\Software\MY_FOC_2\Lib\IQmathLib-cm3.lib(IQNsin.o)
 .debug_info    0x00019f18       0x80 C:\Users\WhiteKite2020\Downloads\MY_FOC_Driver-main\MY_FOC_Driver-main\Software\MY_FOC_2\Lib\IQmathLib-cm3.lib(IQNsin.o)
 .debug_info    0x00019f98       0x80 C:\Users\WhiteKite2020\Downloads\MY_FOC_Driver-main\MY_FOC_Driver-main\Software\MY_FOC_2\Lib\IQmathLib-cm3.lib(IQNsin.o)
 .debug_info    0x0001a018       0x80 C:\Users\WhiteKite2020\Downloads\MY_FOC_Driver-main\MY_FOC_Driver-main\Software\MY_FOC_2\Lib\IQmathLib-cm3.lib(IQNsin.o)
 .debug_info    0x0001a098       0x80 C:\Users\WhiteKite2020\Downloads\MY_FOC_Driver-main\MY_FOC_Driver-main\Software\MY_FOC_2\Lib\IQmathLib-cm3.lib(IQNsin.o)
 .debug_info    0x0001a118       0x80 C:\Users\WhiteKite2020\Downloads\MY_FOC_Driver-main\MY_FOC_Driver-main\Software\MY_FOC_2\Lib\IQmathLib-cm3.lib(IQNsin.o)
 .debug_info    0x0001a198       0x80 C:\Users\WhiteKite2020\Downloads\MY_FOC_Driver-main\MY_FOC_Driver-main\Software\MY_FOC_2\Lib\IQmathLib-cm3.lib(IQNsin.o)
 .debug_info    0x0001a218       0x80 C:\Users\WhiteKite2020\Downloads\MY_FOC_Driver-main\MY_FOC_Driver-main\Software\MY_FOC_2\Lib\IQmathLib-cm3.lib(IQNsin.o)
 .debug_info    0x0001a298       0x80 C:\Users\WhiteKite2020\Downloads\MY_FOC_Driver-main\MY_FOC_Driver-main\Software\MY_FOC_2\Lib\IQmathLib-cm3.lib(IQNsin.o)